Component: ARM Compiler 5.05 update 1 (build 106) Tool: armlink [4d0efa]

==============================================================================

Section Cross References

    main.o(i.main) refers to delay.o(i.delay_init) for delay_init
    main.o(i.main) refers to lcd12864.o(i.Lcd12864_Init) for Lcd12864_Init
    main.o(i.main) refers to misc.o(i.NVIC_PriorityGroupConfig) for NVIC_PriorityGroupConfig
    main.o(i.main) refers to dsp.o(i.USART1_Init) for USART1_Init
    main.o(i.main) refers to rs232.o(i.RS232_Init) for RS232_Init
    main.o(i.main) refers to led.o(i.LED_Init) for LED_Init
    main.o(i.main) refers to adc.o(i.Adc_Init) for Adc_Init
    main.o(i.main) refers to key.o(i.KEY_Init) for KEY_Init
    main.o(i.main) refers to exti.o(i.EXTIX_Init) for EXTIX_Init
    main.o(i.main) refers to bkp.o(i.BKP_Init) for BKP_Init
    main.o(i.main) refers to rtc.o(i.RTC_Init) for RTC_Init
    main.o(i.main) refers to ds18b20.o(i.DS18B20_Init) for DS18B20_Init
    main.o(i.main) refers to eeprom.o(i.AT24CXX_Init) for AT24CXX_Init
    main.o(i.main) refers to user_interface.o(i.Init_Display) for Init_Display
    main.o(i.main) refers to timer.o(i.TIM2_Int_Init) for TIM2_Int_Init
    main.o(i.main) refers to timer.o(i.TIM3_Int_Init) for TIM3_Int_Init
    main.o(i.main) refers to timer.o(i.TIM4_Int_Init) for TIM4_Int_Init
    main.o(i.main) refers to wdg.o(i.IWDG_Init) for IWDG_Init
    main.o(i.main) refers to wdg.o(i.IWDG_Feed) for IWDG_Feed
    main.o(i.main) refers to lcd12864.o(i.DispStr) for DispStr
    main.o(i.main) refers to lcd12864.o(i.SetPosition) for SetPosition
    main.o(i.main) refers to delay.o(i.delay_ms) for delay_ms
    main.o(i.main) refers to stm32f10x_tim.o(i.TIM_Cmd) for TIM_Cmd
    main.o(i.main) refers to stm32f10x_usart.o(i.USART_Cmd) for USART_Cmd
    main.o(i.main) refers to communication.o(i.Analysis) for Analysis
    main.o(i.main) refers to ds18b20.o(i.DS18B20_Get_Temp) for DS18B20_Get_Temp
    main.o(i.main) refers to dflt_clz.o(x$fpl$dflt) for __aeabi_i2d
    main.o(i.main) refers to ddiv.o(x$fpl$ddiv) for __aeabi_ddiv
    main.o(i.main) refers to drleqf.o(x$fpl$drleqf) for __aeabi_cdrcmple
    main.o(i.main) refers to dleqf.o(x$fpl$dleqf) for __aeabi_cdcmple
    main.o(i.main) refers to user_interface.o(i.Display) for Display
    main.o(i.main) refers to user_interface.o(.data) for mode
    main.o(i.main) refers to timer.o(.data) for state
    main.o(i.main) refers to adc.o(.data) for completed
    main.o(i.main) refers to ds18b20.o(.data) for temperature
    system_stm32f10x.o(i.SetSysClock) refers to system_stm32f10x.o(i.SetSysClockTo72) for SetSysClockTo72
    system_stm32f10x.o(i.SystemCoreClockUpdate) refers to system_stm32f10x.o(.data) for SystemCoreClock
    system_stm32f10x.o(i.SystemInit) refers to system_stm32f10x.o(i.SetSysClock) for SetSysClock
    led.o(i.LED_Init) refers to stm32f10x_rcc.o(i.RCC_APB2PeriphClockCmd) for RCC_APB2PeriphClockCmd
    led.o(i.LED_Init) refers to stm32f10x_gpio.o(i.GPIO_Init) for GPIO_Init
    led.o(i.LED_Init) refers to stm32f10x_gpio.o(i.GPIO_ResetBits) for GPIO_ResetBits
    key.o(i.Button_Cancel) refers to user_interface.o(.data) for mode
    key.o(i.Button_Cancel) refers to key.o(.data) for inverter_on_off_temp
    key.o(i.Button_Down) refers to rtc.o(i.Is_Leap_Year) for Is_Leap_Year
    key.o(i.Button_Down) refers to dflt_clz.o(x$fpl$dflt) for __aeabi_i2d
    key.o(i.Button_Down) refers to dmul.o(x$fpl$dmul) for __aeabi_dmul
    key.o(i.Button_Down) refers to ddiv.o(x$fpl$ddiv) for __aeabi_ddiv
    key.o(i.Button_Down) refers to dflt_clz.o(x$fpl$dfltu) for __aeabi_ui2d
    key.o(i.Button_Down) refers to daddsub_clz.o(x$fpl$dadd) for __aeabi_dadd
    key.o(i.Button_Down) refers to d2f.o(x$fpl$d2f) for __aeabi_d2f
    key.o(i.Button_Down) refers to user_interface.o(.data) for mode
    key.o(i.Button_Down) refers to rtc.o(.constdata) for mon_table
    key.o(i.Button_Down) refers to key.o(.data) for ratio_vol
    key.o(i.Button_Ok) refers to eeprom.o(i.AT24CXX_ReadOneByte) for AT24CXX_ReadOneByte
    key.o(i.Button_Ok) refers to eeprom.o(i.AT24CXX_WriteOneByte) for AT24CXX_WriteOneByte
    key.o(i.Button_Ok) refers to rtc.o(i.RTC_Set) for RTC_Set
    key.o(i.Button_Ok) refers to fmul.o(x$fpl$fmul) for __aeabi_fmul
    key.o(i.Button_Ok) refers to ffixu.o(x$fpl$ffixu) for __aeabi_f2uiz
    key.o(i.Button_Ok) refers to user_interface.o(.data) for mode
    key.o(i.Button_Ok) refers to key.o(.data) for inverter_on_off_temp
    key.o(i.Button_Ok) refers to rtc.o(.bss) for calendar
    key.o(i.Button_Ok) refers to dflt_clz.o(x$fpl$dflt) for __aeabi_i2d
    key.o(i.Button_Ok) refers to dmul.o(x$fpl$dmul) for __aeabi_dmul
    key.o(i.Button_Ok) refers to ddiv.o(x$fpl$ddiv) for __aeabi_ddiv
    key.o(i.Button_Ok) refers to dflt_clz.o(x$fpl$dfltu) for __aeabi_ui2d
    key.o(i.Button_Ok) refers to daddsub_clz.o(x$fpl$dadd) for __aeabi_dadd
    key.o(i.Button_Ok) refers to d2f.o(x$fpl$d2f) for __aeabi_d2f
[...]
    USB_HP_CAN1_TX_IRQHandler                0x08000227   Thumb Code     0  startup_stm32f10x_hd.o(.text)
    USB_LP_CAN1_RX0_IRQHandler               0x08000227   Thumb Code     0  startup_stm32f10x_hd.o(.text)
    WWDG_IRQHandler                          0x08000227   Thumb Code     0  startup_stm32f10x_hd.o(.text)
    __user_initial_stackheap                 0x08000229   Thumb Code     0  startup_stm32f10x_hd.o(.text)
    __aeabi_memcpy                           0x0800024d   Thumb Code     0  rt_memcpy_v6.o(.text)
    __rt_memcpy                              0x0800024d   Thumb Code   138  rt_memcpy_v6.o(.text)
    _memcpy_lastbytes                        0x080002b3   Thumb Code     0  rt_memcpy_v6.o(.text)
    __aeabi_memcpy4                          0x080002d7   Thumb Code     0  rt_memcpy_w.o(.text)
    __aeabi_memcpy8                          0x080002d7   Thumb Code     0  rt_memcpy_w.o(.text)
    __rt_memcpy_w                            0x080002d7   Thumb Code   100  rt_memcpy_w.o(.text)
    _memcpy_lastbytes_aligned                0x0800031f   Thumb Code     0  rt_memcpy_w.o(.text)
    __aeabi_memclr4                          0x0800033b   Thumb Code     0  rt_memclr_w.o(.text)
    __aeabi_memclr8                          0x0800033b   Thumb Code     0  rt_memclr_w.o(.text)
    __rt_memclr_w                            0x0800033b   Thumb Code    78  rt_memclr_w.o(.text)
    _memset_w                                0x0800033f   Thumb Code     0  rt_memclr_w.o(.text)
    __use_two_region_memory                  0x08000389   Thumb Code     2  heapauxi.o(.text)
    __rt_heap_escrow                         0x0800038b   Thumb Code     2  heapauxi.o(.text)
    __rt_heap_expand                         0x0800038d   Thumb Code     2  heapauxi.o(.text)
    __read_errno                             0x0800038f   Thumb Code    10  _rserrno.o(.text)
    __set_errno                              0x08000399   Thumb Code    12  _rserrno.o(.text)
    __aeabi_errno_addr                       0x080003a5   Thumb Code     8  rt_errno_addr_intlibspace.o(.text)
    __errno$intlibspace                      0x080003a5   Thumb Code     0  rt_errno_addr_intlibspace.o(.text)
    __rt_errno_addr$intlibspace              0x080003a5   Thumb Code     0  rt_errno_addr_intlibspace.o(.text)
    __user_libspace                          0x080003ad   Thumb Code     8  libspace.o(.text)
    __user_perproc_libspace                  0x080003ad   Thumb Code     0  libspace.o(.text)
    __user_perthread_libspace                0x080003ad   Thumb Code     0  libspace.o(.text)
    __user_setup_stackheap                   0x080003b5   Thumb Code    74  sys_stackheap_outer.o(.text)
    exit                                     0x080003ff   Thumb Code    12  exit.o(.text)
    __I$use$semihosting                      0x0800040b   Thumb Code     0  use_no_semi.o(.text)
    __use_no_semihosting_swi                 0x0800040b   Thumb Code     2  use_no_semi.o(.text)
    __semihosting_library_function           0x0800040d   Thumb Code     0  indicate_semi.o(.text)
    _sys_exit                                0x0800040d   Thumb Code     8  sys_exit.o(.text)
    ADC_Cmd                                  0x08000419   Thumb Code    22  stm32f10x_adc.o(i.ADC_Cmd)
    ADC_DMACmd                               0x0800042f   Thumb Code    22  stm32f10x_adc.o(i.ADC_DMACmd)
    ADC_ExternalTrigConvCmd                  0x08000445   Thumb Code    22  stm32f10x_adc.o(i.ADC_ExternalTrigConvCmd)
    ADC_GetCalibrationStatus                 0x0800045b   Thumb Code    20  stm32f10x_adc.o(i.ADC_GetCalibrationStatus)
    ADC_GetResetCalibrationStatus            0x0800046f   Thumb Code    20  stm32f10x_adc.o(i.ADC_GetResetCalibrationStatus)
    ADC_Init                                 0x08000485   Thumb Code    70  stm32f10x_adc.o(i.ADC_Init)
    ADC_RegularChannelConfig                 0x080004d5   Thumb Code   184  stm32f10x_adc.o(i.ADC_RegularChannelConfig)
    ADC_ResetCalibration                     0x0800058d   Thumb Code    10  stm32f10x_adc.o(i.ADC_ResetCalibration)
    ADC_StartCalibration                     0x08000597   Thumb Code    10  stm32f10x_adc.o(i.ADC_StartCalibration)
    AT24CXX_Init                             0x080005a1   Thumb Code     8  eeprom.o(i.AT24CXX_Init)
    AT24CXX_Read                             0x080005a9   Thumb Code    34  eeprom.o(i.AT24CXX_Read)
    AT24CXX_ReadOneByte                      0x080005cb   Thumb Code    88  eeprom.o(i.AT24CXX_ReadOneByte)
    AT24CXX_Write                            0x08000623   Thumb Code    36  eeprom.o(i.AT24CXX_Write)
    AT24CXX_WriteOneByte                     0x08000647   Thumb Code    80  eeprom.o(i.AT24CXX_WriteOneByte)
    Adc_Init                                 0x08000699   Thumb Code   360  adc.o(i.Adc_Init)
    Analysis                                 0x08000819   Thumb Code   188  communication.o(i.Analysis)
    BKP_ClearFlag                            0x080008e1   Thumb Code    14  stm32f10x_bkp.o(i.BKP_ClearFlag)
    BKP_DeInit                               0x080008f5   Thumb Code    16  stm32f10x_bkp.o(i.BKP_DeInit)
    BKP_Init                                 0x08000905   Thumb Code    74  bkp.o(i.BKP_Init)
    BKP_ReadBackupRegister                   0x08000951   Thumb Code    24  stm32f10x_bkp.o(i.BKP_ReadBackupRegister)
    BKP_WriteBackupRegister                  0x0800096d   Thumb Code    22  stm32f10x_bkp.o(i.BKP_WriteBackupRegister)
    BusFault_Handler                         0x08000989   Thumb Code     4  stm32f10x_it.o(i.BusFault_Handler)
    Button_Cancel                            0x0800098d   Thumb Code   768  key.o(i.Button_Cancel)
    Button_Down                              0x08000cfd   Thumb Code  2162  key.o(i.Button_Down)
    Button_Ok                                0x0800160d   Thumb Code  3698  key.o(i.Button_Ok)
    Button_Up                                0x080024bd   Thumb Code  2114  key.o(i.Button_Up)
    ByteArray2Float                          0x08002d9d   Thumb Code   172  calculate.o(i.ByteArray2Float)
    Check                                    0x08002e4d   Thumb Code    70  pgcp.o(i.Check)
    DMA1_Channel1_IRQHandler                 0x08002e95   Thumb Code   664  adc.o(i.DMA1_Channel1_IRQHandler)
    DMA_ClearFlag                            0x0800319d   Thumb Code    18  stm32f10x_dma.o(i.DMA_ClearFlag)
    DMA_ClearITPendingBit                    0x080031b9   Thumb Code    18  stm32f10x_dma.o(i.DMA_ClearITPendingBit)
    DMA_Cmd                                  0x080031d5   Thumb Code    24  stm32f10x_dma.o(i.DMA_Cmd)
    DMA_DeInit                               0x080031ed   Thumb Code   324  stm32f10x_dma.o(i.DMA_DeInit)
    DMA_GetFlagStatus                        0x08003339   Thumb Code    36  stm32f10x_dma.o(i.DMA_GetFlagStatus)
    DMA_ITConfig                             0x08003365   Thumb Code    18  stm32f10x_dma.o(i.DMA_ITConfig)
    DMA_Init                                 0x08003377   Thumb Code    60  stm32f10x_dma.o(i.DMA_Init)
    DS18B20_Check                            0x080033b5   Thumb Code    92  ds18b20.o(i.DS18B20_Check)
    DS18B20_Get_Temp                         0x08003419   Thumb Code   136  ds18b20.o(i.DS18B20_Get_Temp)
    DS18B20_Init                             0x080034a5   Thumb Code    62  ds18b20.o(i.DS18B20_Init)
    DS18B20_Read_Bit                         0x080034e9   Thumb Code    96  ds18b20.o(i.DS18B20_Read_Bit)
    DS18B20_Read_Byte                        0x08003555   Thumb Code    34  ds18b20.o(i.DS18B20_Read_Byte)
    DS18B20_Rst                              0x08003579   Thumb Code    54  ds18b20.o(i.DS18B20_Rst)
    DS18B20_Start                            0x080035bd   Thumb Code    24  ds18b20.o(i.DS18B20_Start)
    DS18B20_Write_Byte                       0x080035d5   Thumb Code   102  ds18b20.o(i.DS18B20_Write_Byte)
    DebugMon_Handler                         0x08003649   Thumb Code     2  stm32f10x_it.o(i.DebugMon_Handler)
    DispBlankRemainLast                      0x0800364d   Thumb Code    64  lcd12864.o(i.DispBlankRemainLast)
    DispCharNext                             0x08003691   Thumb Code    12  lcd12864.o(i.DispCharNext)
    DispDecimal                              0x0800369d   Thumb Code    38  lcd12864.o(i.DispDecimal)
    DispDecimalNext                          0x080036c5   Thumb Code   302  lcd12864.o(i.DispDecimalNext)
    DispFaultFlag                            0x080037fd   Thumb Code   122  user_interface.o(i.DispFaultFlag)
    DispFigure                               0x08003899   Thumb Code    24  lcd12864.o(i.DispFigure)
    DispFigureNext                           0x080038b1   Thumb Code    84  lcd12864.o(i.DispFigureNext)
    DispPowerFlag                            0x08003905   Thumb Code    14  user_interface.o(i.DispPowerFlag)
    DispStr                                  0x08003919   Thumb Code   174  lcd12864.o(i.DispStr)
    DispStrNext                              0x080039c7   Thumb Code    28  lcd12864.o(i.DispStrNext)
    DispStrSingleLineNext                    0x080039e5   Thumb Code    64  lcd12864.o(i.DispStrSingleLineNext)
    Display                                  0x08003a29   Thumb Code   186  user_interface.o(i.Display)
    EXTI0_IRQHandler                         0x08003af5   Thumb Code    38  exti.o(i.EXTI0_IRQHandler)
    EXTI1_IRQHandler                         0x08003b25   Thumb Code    36  exti.o(i.EXTI1_IRQHandler)
    EXTI2_IRQHandler                         0x08003b51   Thumb Code    36  exti.o(i.EXTI2_IRQHandler)
    EXTI3_IRQHandler                         0x08003b7d   Thumb Code    36  exti.o(i.EXTI3_IRQHandler)
    EXTIX_Init                               0x08003ba9   Thumb Code   222  exti.o(i.EXTIX_Init)
    EXTI_ClearITPendingBit                   0x08003c89   Thumb Code     6  stm32f10x_exti.o(i.EXTI_ClearITPendingBit)
    EXTI_Config                              0x08003c95   Thumb Code    42  bkp.o(i.EXTI_Config)
    EXTI_Init                                0x08003cc1   Thumb Code   142  stm32f10x_exti.o(i.EXTI_Init)
    Execute                                  0x08003d55   Thumb Code   216  communication.o(i.Execute)
    FinishInverseContinue                    0x08003e3d   Thumb Code    16  lcd12864.o(i.FinishInverseContinue)
    Float2ByteArray                          0x08003e4d   Thumb Code   224  calculate.o(i.Float2ByteArray)
    GPIO_Configuration                       0x08003f39   Thumb Code    44  adc.o(i.GPIO_Configuration)
    GPIO_EXTILineConfig                      0x08003f6d   Thumb Code    60  stm32f10x_gpio.o(i.GPIO_EXTILineConfig)
    GPIO_Init                                0x08003fad   Thumb Code   278  stm32f10x_gpio.o(i.GPIO_Init)
    GPIO_ReadInputDataBit                    0x080040c3   Thumb Code    18  stm32f10x_gpio.o(i.GPIO_ReadInputDataBit)
    GPIO_ResetBits                           0x080040d5   Thumb Code     4  stm32f10x_gpio.o(i.GPIO_ResetBits)
    GPIO_SetBits                             0x080040d9   Thumb Code     4  stm32f10x_gpio.o(i.GPIO_SetBits)
    HardFault_Handler                        0x080040dd   Thumb Code     4  stm32f10x_it.o(i.HardFault_Handler)
    IIC_Ack                                  0x080040e1   Thumb Code    66  myiic.o(i.IIC_Ack)
    IIC_Init                                 0x08004131   Thumb Code    46  myiic.o(i.IIC_Init)
    IIC_NAck                                 0x08004165   Thumb Code    66  myiic.o(i.IIC_NAck)
    IIC_Read_Byte                            0x080041b5   Thumb Code    98  myiic.o(i.IIC_Read_Byte)
    IIC_Send_Byte                            0x08004225   Thumb Code   104  myiic.o(i.IIC_Send_Byte)
    IIC_Start                                0x08004299   Thumb Code    64  myiic.o(i.IIC_Start)
    IIC_Stop                                 0x080042e5   Thumb Code    62  myiic.o(i.IIC_Stop)
    IIC_Wait_Ack                             0x08004331   Thumb Code    86  myiic.o(i.IIC_Wait_Ack)
    IWDG_Enable                              0x08004395   Thumb Code    10  stm32f10x_iwdg.o(i.IWDG_Enable)
    IWDG_Feed                                0x080043a5   Thumb Code     8  wdg.o(i.IWDG_Feed)
    IWDG_Init                                0x080043ad   Thumb Code    36  wdg.o(i.IWDG_Init)
    IWDG_ReloadCounter                       0x080043d1   Thumb Code    10  stm32f10x_iwdg.o(i.IWDG_ReloadCounter)
    IWDG_SetPrescaler                        0x080043e1   Thumb Code     6  stm32f10x_iwdg.o(i.IWDG_SetPrescaler)
    IWDG_SetReload                           0x080043ed   Thumb Code     6  stm32f10x_iwdg.o(i.IWDG_SetReload)
    IWDG_WriteAccessCmd                      0x080043f9   Thumb Code     6  stm32f10x_iwdg.o(i.IWDG_WriteAccessCmd)
    InitPowerFlag                            0x08004405   Thumb Code     2  user_interface.o(i.InitPowerFlag)
    Init_Display                             0x08004407   Thumb Code    12  user_interface.o(i.Init_Display)
    Init_Inverse                             0x08004415   Thumb Code    84  lcd12864.o(i.Init_Inverse)
    Init_Write                               0x0800446d   Thumb Code    44  lcd12864.o(i.Init_Write)
    Inverse                                  0x080044a1   Thumb Code    28  lcd12864.o(i.Inverse)
    InverseContinue                          0x080044bd   Thumb Code   176  lcd12864.o(i.InverseContinue)
    Is_Leap_Year                             0x08004571   Thumb Code    58  rtc.o(i.Is_Leap_Year)
    KEY_Init                                 0x080045ad   Thumb Code    32  key.o(i.KEY_Init)
    LED_Init                                 0x080045d1   Thumb Code    46  led.o(i.LED_Init)
    Lcd12864_Init                            0x08004605   Thumb Code    54  lcd12864.o(i.Lcd12864_Init)
    Lcd_Clr                                  0x0800463b   Thumb Code    22  lcd12864.o(i.Lcd_Clr)
    MemManage_Handler                        0x08004651   Thumb Code     4  stm32f10x_it.o(i.MemManage_Handler)
    NMI_Handler                              0x08004655   Thumb Code     2  stm32f10x_it.o(i.NMI_Handler)
    NVIC_Config                              0x08004657   Thumb Code    32  bkp.o(i.NVIC_Config)
    NVIC_Configuration                       0x08004677   Thumb Code    58  adc.o(i.NVIC_Configuration)
    NVIC_Init                                0x080046b1   Thumb Code   100  misc.o(i.NVIC_Init)
    NVIC_PriorityGroupConfig                 0x08004721   Thumb Code    10  misc.o(i.NVIC_PriorityGroupConfig)
    PVD_Barkup                               0x08004735   Thumb Code   126  bkp.o(i.PVD_Barkup)
    PVD_IRQHandler                           0x080047c5   Thumb Code    30  bkp.o(i.PVD_IRQHandler)
    PWR_BackupAccessCmd                      0x080047e5   Thumb Code     6  stm32f10x_pwr.o(i.PWR_BackupAccessCmd)
    PWR_ClearFlag                            0x080047f1   Thumb Code    14  stm32f10x_pwr.o(i.PWR_ClearFlag)
    PWR_GetFlagStatus                        0x08004805   Thumb Code    20  stm32f10x_pwr.o(i.PWR_GetFlagStatus)
    PWR_ON_Recover                           0x0800481d   Thumb Code    72  bkp.o(i.PWR_ON_Recover)
    PWR_PVDCmd                               0x0800486d   Thumb Code     6  stm32f10x_pwr.o(i.PWR_PVDCmd)
    PWR_PVDLevelConfig                       0x08004879   Thumb Code    18  stm32f10x_pwr.o(i.PWR_PVDLevelConfig)
    Package                                  0x08004891   Thumb Code   122  pgcp.o(i.Package)
    PendSV_Handler                           0x0800490b   Thumb Code     2  stm32f10x_it.o(i.PendSV_Handler)
    RCC_ADCCLKConfig                         0x0800490d   Thumb Code    18  stm32f10x_rcc.o(i.RCC_ADCCLKConfig)
    RCC_AHBPeriphClockCmd                    0x08004925   Thumb Code    26  stm32f10x_rcc.o(i.RCC_AHBPeriphClockCmd)
    RCC_APB1PeriphClockCmd                   0x08004945   Thumb Code    26  stm32f10x_rcc.o(i.RCC_APB1PeriphClockCmd)
    RCC_APB1PeriphResetCmd                   0x08004965   Thumb Code    26  stm32f10x_rcc.o(i.RCC_APB1PeriphResetCmd)
    RCC_APB2PeriphClockCmd                   0x08004985   Thumb Code    26  stm32f10x_rcc.o(i.RCC_APB2PeriphClockCmd)
    RCC_BackupResetCmd                       0x080049a5   Thumb Code     6  stm32f10x_rcc.o(i.RCC_BackupResetCmd)
    RCC_ClearFlag                            0x080049b1   Thumb Code    14  stm32f10x_rcc.o(i.RCC_ClearFlag)
    RCC_Configuration                        0x080049c5   Thumb Code    30  adc.o(i.RCC_Configuration)
    RCC_GetClocksFreq                        0x080049e5   Thumb Code   192  stm32f10x_rcc.o(i.RCC_GetClocksFreq)
    RCC_GetFlagStatus                        0x08004ab9   Thumb Code    56  stm32f10x_rcc.o(i.RCC_GetFlagStatus)
    RCC_LSEConfig                            0x08004af5   Thumb Code    46  stm32f10x_rcc.o(i.RCC_LSEConfig)
    RCC_RTCCLKCmd                            0x08004b29   Thumb Code     6  stm32f10x_rcc.o(i.RCC_RTCCLKCmd)
    RCC_RTCCLKConfig                         0x08004b35   Thumb Code    12  stm32f10x_rcc.o(i.RCC_RTCCLKConfig)
    RS232_Init                               0x08004b45   Thumb Code   166  rs232.o(i.RS232_Init)
    RS232_Receive_Data                       0x08004bf5   Thumb Code    74  rs232.o(i.RS232_Receive_Data)
    RS232_Send_Data                          0x08004c49   Thumb Code    62  rs232.o(i.RS232_Send_Data)
    RTC_ClearITPendingBit                    0x08004c91   Thumb Code    12  stm32f10x_rtc.o(i.RTC_ClearITPendingBit)
    RTC_EnterConfigMode                      0x08004ca1   Thumb Code    14  stm32f10x_rtc.o(i.RTC_EnterConfigMode)
    RTC_ExitConfigMode                       0x08004cb5   Thumb Code    16  stm32f10x_rtc.o(i.RTC_ExitConfigMode)
    RTC_Get                                  0x08004cc9   Thumb Code   240  rtc.o(i.RTC_Get)
    RTC_GetCounter                           0x08004dc9   Thumb Code    16  stm32f10x_rtc.o(i.RTC_GetCounter)
    RTC_GetITStatus                          0x08004ddd   Thumb Code    32  stm32f10x_rtc.o(i.RTC_GetITStatus)
    RTC_Get_Week                             0x08004e01   Thumb Code   116  rtc.o(i.RTC_Get_Week)
    RTC_IRQHandler                           0x08004e79   Thumb Code    48  rtc.o(i.RTC_IRQHandler)
    RTC_ITConfig                             0x08004ea9   Thumb Code    26  stm32f10x_rtc.o(i.RTC_ITConfig)
    RTC_Init                                 0x08004ec9   Thumb Code   192  rtc.o(i.RTC_Init)
    RTC_Set                                  0x08004fa9   Thumb Code   182  rtc.o(i.RTC_Set)
    RTC_SetCounter                           0x08005071   Thumb Code    24  stm32f10x_rtc.o(i.RTC_SetCounter)
    RTC_SetPrescaler                         0x0800508d   Thumb Code    26  stm32f10x_rtc.o(i.RTC_SetPrescaler)
    RTC_WaitForLastTask                      0x080050ad   Thumb Code    16  stm32f10x_rtc.o(i.RTC_WaitForLastTask)
    RTC_WaitForSynchro                       0x080050c1   Thumb Code    30  stm32f10x_rtc.o(i.RTC_WaitForSynchro)
    Read_BKP                                 0x080050e5   Thumb Code    18  bkp.o(i.Read_BKP)
    Recover_Ratio                            0x080050f9   Thumb Code   468  user_interface.o(i.Recover_Ratio)
    SVC_Handler                              0x0800531d   Thumb Code     2  stm32f10x_it.o(i.SVC_Handler)
    SetPosition                              0x08005321   Thumb Code    72  lcd12864.o(i.SetPosition)
    Set_Addr                                 0x08005459   Thumb Code     8  pgcp.o(i.Set_Addr)
    Set_Check                                0x08005465   Thumb Code    54  pgcp.o(i.Set_Check)
    Set_Data                                 0x080054a1   Thumb Code    40  pgcp.o(i.Set_Data)
    Set_Len                                  0x080054cd   Thumb Code     6  pgcp.o(i.Set_Len)
    SysTick_CLKSourceConfig                  0x080054d9   Thumb Code    40  misc.o(i.SysTick_CLKSourceConfig)
    SysTick_Handler                          0x08005501   Thumb Code     2  stm32f10x_it.o(i.SysTick_Handler)
    SystemInit                               0x08005505   Thumb Code    78  system_stm32f10x.o(i.SystemInit)
    TIM2_IRQHandler                          0x08005565   Thumb Code   290  timer.o(i.TIM2_IRQHandler)
    TIM2_Int_Init                            0x0800569d   Thumb Code    92  timer.o(i.TIM2_Int_Init)
    TIM3_IRQHandler                          0x080056f9   Thumb Code    32  timer.o(i.TIM3_IRQHandler)
    TIM3_Int_Init                            0x08005721   Thumb Code    90  timer.o(i.TIM3_Int_Init)
    TIM4_IRQHandler                          0x08005781   Thumb Code  1158  timer.o(i.TIM4_IRQHandler)
    TIM4_Int_Init                            0x08005c21   Thumb Code    86  timer.o(i.TIM4_Int_Init)
    TIM_ClearITPendingBit                    0x08005c7d   Thumb Code     6  stm32f10x_tim.o(i.TIM_ClearITPendingBit)
    TIM_Cmd                                  0x08005c83   Thumb Code    24  stm32f10x_tim.o(i.TIM_Cmd)
    TIM_Configuration                        0x08005c9d   Thumb Code    80  adc.o(i.TIM_Configuration)
    TIM_CtrlPWMOutputs                       0x08005cfd   Thumb Code    30  stm32f10x_tim.o(i.TIM_CtrlPWMOutputs)
    TIM_GetCounter                           0x08005d1b   Thumb Code     6  stm32f10x_tim.o(i.TIM_GetCounter)
    TIM_GetITStatus                          0x08005d21   Thumb Code    34  stm32f10x_tim.o(i.TIM_GetITStatus)
    TIM_ITConfig                             0x08005d43   Thumb Code    18  stm32f10x_tim.o(i.TIM_ITConfig)
    TIM_OC1Init                              0x08005d55   Thumb Code   132  stm32f10x_tim.o(i.TIM_OC1Init)
    TIM_TimeBaseInit                         0x08005ded   Thumb Code   122  stm32f10x_tim.o(i.TIM_TimeBaseInit)
    TIM_TimeBaseStructInit                   0x08005e91   Thumb Code    18  stm32f10x_tim.o(i.TIM_TimeBaseStructInit)
    Time_Show                                0x08005ea5   Thumb Code   374  rtc.o(i.Time_Show)
    USART1_IRQHandler                        0x08006091   Thumb Code    50  dsp.o(i.USART1_IRQHandler)
    USART1_Init                              0x080060d1   Thumb Code   152  dsp.o(i.USART1_Init)
    USART1_Receive_Data                      0x08006171   Thumb Code    74  dsp.o(i.USART1_Receive_Data)
    USART1_Send_Data                         0x080061c5   Thumb Code    48  dsp.o(i.USART1_Send_Data)
    USART2_IRQHandler                        0x080061fd   Thumb Code    52  rs232.o(i.USART2_IRQHandler)
    USART_Cmd                                0x0800623d   Thumb Code    24  stm32f10x_usart.o(i.USART_Cmd)
    USART_GetFlagStatus                      0x08006255   Thumb Code    26  stm32f10x_usart.o(i.USART_GetFlagStatus)
    USART_GetITStatus                        0x0800626f   Thumb Code    84  stm32f10x_usart.o(i.USART_GetITStatus)
    USART_ITConfig                           0x080062c3   Thumb Code    74  stm32f10x_usart.o(i.USART_ITConfig)
    USART_Init                               0x0800630d   Thumb Code   210  stm32f10x_usart.o(i.USART_Init)
    USART_ReceiveData                        0x080063e5   Thumb Code    10  stm32f10x_usart.o(i.USART_ReceiveData)
    USART_SendData                           0x080063ef   Thumb Code     8  stm32f10x_usart.o(i.USART_SendData)
    Unpack                                   0x080063f7   Thumb Code    84  pgcp.o(i.Unpack)
    UsageFault_Handler                       0x0800644b   Thumb Code     4  stm32f10x_it.o(i.UsageFault_Handler)
    Wn_i                                     0x08006451   Thumb Code   206  fft.o(i.Wn_i)
    Write_BKP                                0x08006529   Thumb Code    22  bkp.o(i.Write_BKP)
    Write_Byte                               0x08006541   Thumb Code    94  lcd12864.o(i.Write_Byte)
    Write_COM                                0x080065ad   Thumb Code    30  lcd12864.o(i.Write_COM)
    Write_DAT                                0x080065cd   Thumb Code    70  lcd12864.o(i.Write_DAT)
    __ARM_fpclassify                         0x08006621   Thumb Code    40  fpclassify.o(i.__ARM_fpclassify)
    __ieee754_rem_pio2                       0x08006649   Thumb Code   828  rred.o(i.__ieee754_rem_pio2)
    __kernel_cos                             0x080069d1   Thumb Code   230  cos_i.o(i.__kernel_cos)
    __kernel_poly                            0x08006acd   Thumb Code   170  poly.o(i.__kernel_poly)
    __kernel_sin                             0x08006b79   Thumb Code   224  sin_i.o(i.__kernel_sin)
    __mathlib_dbl_divzero                    0x08006c65   Thumb Code    12  dunder.o(i.__mathlib_dbl_divzero)
    __mathlib_dbl_infnan                     0x08006c75   Thumb Code     6  dunder.o(i.__mathlib_dbl_infnan)
    __mathlib_dbl_infnan2                    0x08006c7b   Thumb Code     4  dunder.o(i.__mathlib_dbl_infnan2)
    __mathlib_dbl_invalid                    0x08006c7f   Thumb Code    12  dunder.o(i.__mathlib_dbl_invalid)
    __mathlib_dbl_overflow                   0x08006c8b   Thumb Code    14  dunder.o(i.__mathlib_dbl_overflow)
    __mathlib_dbl_underflow                  0x08006c99   Thumb Code    10  dunder.o(i.__mathlib_dbl_underflow)
    active_power                             0x08006ca9   Thumb Code    68  calculate.o(i.active_power)
    c_mul                                    0x08006ced   Thumb Code    62  fft.o(i.c_mul)
    c_plus                                   0x08006d2b   Thumb Code    26  fft.o(i.c_plus)
    c_sub                                    0x08006d45   Thumb Code    26  fft.o(i.c_sub)
    calculate                                0x08006d61   Thumb Code  4720  user_interface.o(i.calculate)
    calculate_dot_product                    0x08007fdd   Thumb Code   128  calculate.o(i.calculate_dot_product)
    calculate_rms                            0x0800805d   Thumb Code   164  calculate.o(i.calculate_rms)
    cos                                      0x08008101   Thumb Code   148  cos.o(i.cos)
    delay                                    0x0800819d   Thumb Code    10  lcd12864.o(i.delay)
    delay_init                               0x080081a9   Thumb Code    50  delay.o(i.delay_init)
    delay_ms                                 0x080081ed   Thumb Code    72  delay.o(i.delay_ms)
    delay_us                                 0x08008239   Thumb Code    72  delay.o(i.delay_us)
    dspOnOff                                 0x08008285   Thumb Code    32  dsp.o(i.dspOnOff)
    dspOperation                             0x080082ad   Thumb Code     6  dsp.o(i.dspOperation)
    fft                                      0x080082b9   Thumb Code   374  fft.o(i.fft)
    frequency                                0x08008431   Thumb Code   234  calculate.o(i.frequency)
    main                                     0x08008521   Thumb Code   478  main.o(i.main)
    pow                                      0x08008759   Thumb Code  2478  pow.o(i.pow)
    power_factor                             0x08009111   Thumb Code    74  calculate.o(i.power_factor)
    rms_current                              0x08009165   Thumb Code    28  calculate.o(i.rms_current)
    rms_voltage                              0x08009181   Thumb Code    28  calculate.o(i.rms_voltage)
    show                                     0x0800919d   Thumb Code  8982  user_interface.o(i.show)
    sin                                      0x0800b4d5   Thumb Code   150  sin.o(i.sin)
    sqrt                                     0x0800b575   Thumb Code    76  sqrt.o(i.sqrt)
    __aeabi_d2f                              0x0800b5c1   Thumb Code     0  d2f.o(x$fpl$d2f)
    _d2f                                     0x0800b5c1   Thumb Code    98  d2f.o(x$fpl$d2f)
    __aeabi_dadd                             0x0800b625   Thumb Code     0  daddsub_clz.o(x$fpl$dadd)
    _dadd                                    0x0800b625   Thumb Code   332  daddsub_clz.o(x$fpl$dadd)
    __fpl_dcheck_NaN1                        0x0800b775   Thumb Code    10  dcheck1.o(x$fpl$dcheck1)
    __fpl_dcmp_Inf                           0x0800b785   Thumb Code    24  dcmpi.o(x$fpl$dcmpinf)
    __aeabi_ddiv                             0x0800b79d   Thumb Code     0  ddiv.o(x$fpl$ddiv)
    _ddiv                                    0x0800b79d   Thumb Code   552  ddiv.o(x$fpl$ddiv)
    __aeabi_d2iz                             0x0800ba4d   Thumb Code     0  dfix.o(x$fpl$dfix)
    _dfix                                    0x0800ba4d   Thumb Code    94  dfix.o(x$fpl$dfix)
    __aeabi_d2uiz                            0x0800baad   Thumb Code     0  dfixu.o(x$fpl$dfixu)
    _dfixu                                   0x0800baad   Thumb Code    90  dfixu.o(x$fpl$dfixu)
    __aeabi_i2d                              0x0800bb07   Thumb Code     0  dflt_clz.o(x$fpl$dflt)
    _dflt                                    0x0800bb07   Thumb Code    46  dflt_clz.o(x$fpl$dflt)
    __aeabi_ui2d                             0x0800bb35   Thumb Code     0  dflt_clz.o(x$fpl$dfltu)
    _dfltu                                   0x0800bb35   Thumb Code    38  dflt_clz.o(x$fpl$dfltu)
    __aeabi_cdcmple                          0x0800bb5d   Thumb Code     0  dleqf.o(x$fpl$dleqf)
    _dcmple                                  0x0800bb5d   Thumb Code   120  dleqf.o(x$fpl$dleqf)
    __fpl_dcmple_InfNaN                      0x0800bbbf   Thumb Code     0  dleqf.o(x$fpl$dleqf)
    __aeabi_dmul                             0x0800bbd5   Thumb Code     0  dmul.o(x$fpl$dmul)
    _dmul                                    0x0800bbd5   Thumb Code   332  dmul.o(x$fpl$dmul)
    __fpl_dnaninf                            0x0800bd29   Thumb Code   156  dnaninf.o(x$fpl$dnaninf)
    __fpl_dretinf                            0x0800bdc5   Thumb Code    12  dretinf.o(x$fpl$dretinf)
    __aeabi_cdrcmple                         0x0800bdd1   Thumb Code     0  drleqf.o(x$fpl$drleqf)
    _drcmple                                 0x0800bdd1   Thumb Code   108  drleqf.o(x$fpl$drleqf)
    __aeabi_drsub                            0x0800be3d   Thumb Code     0  daddsub_clz.o(x$fpl$drsb)
    _drsb                                    0x0800be3d   Thumb Code    22  daddsub_clz.o(x$fpl$drsb)
    _dsqrt                                   0x0800be55   Thumb Code   456  dsqrt_noumaal.o(x$fpl$dsqrt)
    __aeabi_dsub                             0x0800c021   Thumb Code     0  daddsub_clz.o(x$fpl$dsub)
    _dsub                                    0x0800c021   Thumb Code   464  daddsub_clz.o(x$fpl$dsub)
    __aeabi_f2d                              0x0800c1f5   Thumb Code     0  f2d.o(x$fpl$f2d)
    _f2d                                     0x0800c1f5   Thumb Code    86  f2d.o(x$fpl$f2d)
    __aeabi_fadd                             0x0800c24d   Thumb Code     0  faddsub_clz.o(x$fpl$fadd)
    _fadd                                    0x0800c24d   Thumb Code   196  faddsub_clz.o(x$fpl$fadd)
    __fpl_fcmp_Inf                           0x0800c311   Thumb Code    24  fcmpi.o(x$fpl$fcmpinf)
    __aeabi_fdiv                             0x0800c329   Thumb Code     0  fdiv.o(x$fpl$fdiv)
    _fdiv                                    0x0800c329   Thumb Code   384  fdiv.o(x$fpl$fdiv)
    __aeabi_cfcmpeq                          0x0800c4ad   Thumb Code     0  feqf.o(x$fpl$feqf)
    _fcmpeq                                  0x0800c4ad   Thumb Code   104  feqf.o(x$fpl$feqf)
    __aeabi_f2uiz                            0x0800c515   Thumb Code     0  ffixu.o(x$fpl$ffixu)
    _ffixu                                   0x0800c515   Thumb Code    62  ffixu.o(x$fpl$ffixu)
    __aeabi_i2f                              0x0800c555   Thumb Code     0  fflt_clz.o(x$fpl$fflt)
    _fflt                                    0x0800c555   Thumb Code    48  fflt_clz.o(x$fpl$fflt)
    __aeabi_ui2f                             0x0800c585   Thumb Code     0  fflt_clz.o(x$fpl$ffltu)
    _ffltu                                   0x0800c585   Thumb Code    38  fflt_clz.o(x$fpl$ffltu)
    __aeabi_cfcmple                          0x0800c5ad   Thumb Code     0  fleqf.o(x$fpl$fleqf)
    _fcmple                                  0x0800c5ad   Thumb Code   104  fleqf.o(x$fpl$fleqf)
    __fpl_fcmple_InfNaN                      0x0800c5ff   Thumb Code     0  fleqf.o(x$fpl$fleqf)
    __aeabi_fmul                             0x0800c615   Thumb Code     0  fmul.o(x$fpl$fmul)
    _fmul                                    0x0800c615   Thumb Code   258  fmul.o(x$fpl$fmul)
    __fpl_fnaninf                            0x0800c717   Thumb Code   140  fnaninf.o(x$fpl$fnaninf)
    __fpl_fretinf                            0x0800c7a3   Thumb Code    10  fretinf.o(x$fpl$fretinf)
    __aeabi_cfrcmple                         0x0800c7ad   Thumb Code     0  frleqf.o(x$fpl$frleqf)
    _frcmple                                 0x0800c7ad   Thumb Code    98  frleqf.o(x$fpl$frleqf)
    __aeabi_frsub                            0x0800c80f   Thumb Code     0  faddsub_clz.o(x$fpl$frsb)
    _frsb                                    0x0800c80f   Thumb Code    20  faddsub_clz.o(x$fpl$frsb)
    __aeabi_fsub                             0x0800c825   Thumb Code     0  faddsub_clz.o(x$fpl$fsub)
    _fsub                                    0x0800c825   Thumb Code   234  faddsub_clz.o(x$fpl$fsub)
    __fpl_return_NaN                         0x0800c90f   Thumb Code   100  retnan.o(x$fpl$retnan)
    __ARM_scalbn                             0x0800c973   Thumb Code    92  scalbn.o(x$fpl$scalbn)
    __fpl_cmpreturn                          0x0800c9cf   Thumb Code    48  trapv.o(x$fpl$trapveneer)
    __I$use$fp                               0x0800c9fe   Number         0  usenofp.o(x$fpl$usenofp)
    table_week                               0x0800c9fe   Data          12  rtc.o(.constdata)
    mon_table                                0x0800ca0a   Data          12  rtc.o(.constdata)
    __mathlib_zero                           0x0800caf8   Data           8  qnan.o(.constdata)
    Region$$Table$$Base                      0x0800cbf0   Number         0  anon$$obj.o(Region$$Table)
    Region$$Table$$Limit                     0x0800cc10   Number         0  anon$$obj.o(Region$$Table)
    SystemCoreClock                          0x20000000   Data           4  system_stm32f10x.o(.data)
    AHBPrescTable                            0x20000004   Data          16  system_stm32f10x.o(.data)
    inverter_deadzone_temp                   0x20000014   Data           1  key.o(.data)
    inverter_invalid_pluse_temp              0x20000015   Data           1  key.o(.data)
    inverter_on_off_temp                     0x20000016   Data           1  key.o(.data)
    ratio_bit                                0x20000017   Data           8  key.o(.data)
    byte_vol                                 0x2000001f   Data           3  key.o(.data)
    byte_cur                                 0x20000022   Data           3  key.o(.data)
    ratio_vol                                0x20000028   Data           4  key.o(.data)
    ratio_cur                                0x2000002c   Data           4  key.o(.data)
    i                                        0x20000030   Data           1  key.o(.data)
    rw_flag                                  0x20000031   Data           1  lcd12864.o(.data)
    address_count                            0x20000032   Data           1  lcd12864.o(.data)
    is_full                                  0x20000033   Data           1  lcd12864.o(.data)
    is_address_plus                          0x20000034   Data           1  lcd12864.o(.data)
    count                                    0x20000036   Data           2  adc.o(.data)
    completed                                0x20000038   Data           1  adc.o(.data)
    temperature                              0x20000040   Data           8  ds18b20.o(.data)
    RS232_RX_CNT                             0x20000048   Data           2  rs232.o(.data)
    timer_count                              0x2000004a   Data           2  timer.o(.data)
    time_led                                 0x2000004c   Data           1  timer.o(.data)
    step                                     0x2000004d   Data           1  timer.o(.data)
    time_out                                 0x2000004e   Data           2  timer.o(.data)
    len                                      0x20000050   Data           1  timer.o(.data)
    data                                     0x20000051   Data           6  timer.o(.data)
    ii                                       0x20000057   Data           1  timer.o(.data)
    state                                    0x20000058   Data           2  timer.o(.data)
    bit                                      0x2000005a   Data           1  timer.o(.data)
    USART1_RX_BUF                            0x2000005b   Data           6  dsp.o(.data)
    USART1_RX_CNT                            0x20000061   Data           1  dsp.o(.data)
    dsp_com                                  0x20000062   Data           1  dsp.o(.data)
    on_off                                   0x20000063   Data           1  dsp.o(.data)
    display_flag                             0x20000068   Data           1  user_interface.o(.data)
    first_time_show                          0x20000069   Data           1  user_interface.o(.data)
    power_mode_flag                          0x2000006a   Data          32  user_interface.o(.data)
    inverter_data_page                       0x2000008a   Data           1  user_interface.o(.data)
    inverter_setting_select                  0x2000008b   Data           1  user_interface.o(.data)
    inverter_on_off_select                   0x2000008c   Data           1  user_interface.o(.data)
    inverter_mode_select                     0x2000008d   Data           1  user_interface.o(.data)
    inverter_deadzone_select                 0x2000008e   Data           1  user_interface.o(.data)
    inverter_invalid_pluse_select            0x2000008f   Data           1  user_interface.o(.data)
    inverter_state_select                    0x20000090   Data           1  user_interface.o(.data)
    inverter_fault_state_select              0x20000091   Data           1  user_interface.o(.data)
    inverter_time_select                     0x20000092   Data           1  user_interface.o(.data)
    inverter_ratio_page                      0x20000093   Data           1  user_interface.o(.data)
    inverter_time_mode                       0x20000094   Data           1  user_interface.o(.data)
    is_time                                  0x20000095   Data           1  user_interface.o(.data)
    is_time_finish                           0x20000096   Data           1  user_interface.o(.data)
    inverter_ratio_mode                      0x20000097   Data           1  user_interface.o(.data)
    ratio_which_bit                          0x20000098   Data           1  user_interface.o(.data)
    is_ratio_finish                          0x20000099   Data           1  user_interface.o(.data)
    led_state                                0x2000009a   Data           1  user_interface.o(.data)
    power_data_page                          0x2000009b   Data           1  user_interface.o(.data)
    power_setting_select                     0x2000009c   Data           1  user_interface.o(.data)
    power_mode_select                        0x2000009d   Data           1  user_interface.o(.data)
    power_state_select                       0x2000009e   Data           1  user_interface.o(.data)
    power_time_select                        0x2000009f   Data           1  user_interface.o(.data)
    power_ratio_page                         0x200000a0   Data           1  user_interface.o(.data)
    power_time_mode                          0x200000a1   Data           1  user_interface.o(.data)
    power_ratio_mode                         0x200000a2   Data           1  user_interface.o(.data)
    should_clr                               0x200000a3   Data           1  user_interface.o(.data)
    refresh_inverse                          0x200000a4   Data           1  user_interface.o(.data)
    refresh_prd                              0x200000a6   Data           2  user_interface.o(.data)
    ok                                       0x200000a8   Data           1  user_interface.o(.data)
    cancel                                   0x200000a9   Data           1  user_interface.o(.data)
    warn_select                              0x200000aa   Data           1  user_interface.o(.data)
    inverter_setting_page                    0x200000ab   Data           1  user_interface.o(.data)
    inverter_state_select_page               0x200000ac   Data           1  user_interface.o(.data)
    power_setting_page                       0x200000ad   Data           1  user_interface.o(.data)
    year                                     0x200000ae   Data           2  user_interface.o(.data)
    mon                                      0x200000b0   Data           1  user_interface.o(.data)
    day                                      0x200000b1   Data           1  user_interface.o(.data)
    hour                                     0x200000b2   Data           1  user_interface.o(.data)
    min                                      0x200000b3   Data           1  user_interface.o(.data)
    sec                                      0x200000b4   Data           1  user_interface.o(.data)
    ratio_vol_temp                           0x200000b8   Data           4  user_interface.o(.data)
    ratio_cur_temp                           0x200000bc   Data           4  user_interface.o(.data)
    display                                  0x200000c0   Data           1  user_interface.o(.data)
    mode                                     0x200000c1   Data           1  user_interface.o(.data)
    setting                                  0x200000c2   Data           1  user_interface.o(.data)
    vol_dc_ratio                             0x200000c4   Data           4  user_interface.o(.data)
    cur_dc_ratio                             0x200000c8   Data           4  user_interface.o(.data)
    vol_dc1_ratio                            0x200000cc   Data           4  user_interface.o(.data)
    cur_dc1_ratio                            0x200000d0   Data           4  user_interface.o(.data)
    vol_a_ratio                              0x200000d4   Data           4  user_interface.o(.data)
    cur_a_ratio                              0x200000d8   Data           4  user_interface.o(.data)
    vol_b_ratio                              0x200000dc   Data           4  user_interface.o(.data)
    cur_b_ratio                              0x200000e0   Data           4  user_interface.o(.data)
    vol_c_ratio                              0x200000e4   Data           4  user_interface.o(.data)
    cur_c_ratio                              0x200000e8   Data           4  user_interface.o(.data)
    vol_dc_sum                               0x200000f0   Data           8  user_interface.o(.data)
    cur_dc_sum                               0x200000f8   Data           8  user_interface.o(.data)
    vol_dc1_sum                              0x20000100   Data           8  user_interface.o(.data)
    cur_dc1_sum                              0x20000108   Data           8  user_interface.o(.data)
    vol_a_sum                                0x20000110   Data           8  user_interface.o(.data)
    cur_a_sum                                0x20000118   Data           8  user_interface.o(.data)
    act_pow_a_sum                            0x20000120   Data           8  user_interface.o(.data)
    vol_b_sum                                0x20000128   Data           8  user_interface.o(.data)
    cur_b_sum                                0x20000130   Data           8  user_interface.o(.data)
    act_pow_b_sum                            0x20000138   Data           8  user_interface.o(.data)
    vol_c_sum                                0x20000140   Data           8  user_interface.o(.data)
    cur_c_sum                                0x20000148   Data           8  user_interface.o(.data)
    act_pow_c_sum                            0x20000150   Data           8  user_interface.o(.data)
    fre_sum                                  0x20000158   Data           8  user_interface.o(.data)
    vol_dc                                   0x20000160   Data           8  user_interface.o(.data)
    cur_dc                                   0x20000168   Data           8  user_interface.o(.data)
    pow_dc                                   0x20000170   Data           8  user_interface.o(.data)
    vol_dc1                                  0x20000178   Data           8  user_interface.o(.data)
    cur_dc1                                  0x20000180   Data           8  user_interface.o(.data)
    pow_dc1                                  0x20000188   Data           8  user_interface.o(.data)
    vol_a                                    0x20000190   Data           8  user_interface.o(.data)
    cur_a                                    0x20000198   Data           8  user_interface.o(.data)
    act_pow_a                                0x200001a0   Data           8  user_interface.o(.data)
    app_pow_a                                0x200001a8   Data           8  user_interface.o(.data)
    pow_factor_a                             0x200001b0   Data           8  user_interface.o(.data)
    vol_b                                    0x200001b8   Data           8  user_interface.o(.data)
    cur_b                                    0x200001c0   Data           8  user_interface.o(.data)
    act_pow_b                                0x200001c8   Data           8  user_interface.o(.data)
    app_pow_b                                0x200001d0   Data           8  user_interface.o(.data)
    pow_factor_b                             0x200001d8   Data           8  user_interface.o(.data)
    vol_c                                    0x200001e0   Data           8  user_interface.o(.data)
    cur_c                                    0x200001e8   Data           8  user_interface.o(.data)
    act_pow_c                                0x200001f0   Data           8  user_interface.o(.data)
    app_pow_c                                0x200001f8   Data           8  user_interface.o(.data)
    pow_factor_c                             0x20000200   Data           8  user_interface.o(.data)
    fre                                      0x20000208   Data           4  user_interface.o(.data)
    fs                                       0x2000020c   Data           2  user_interface.o(.data)
    fft_amp                                  0x20000210   Data           8  user_interface.o(.data)
    fft_harm                                 0x20000218   Data           8  user_interface.o(.data)
    fft_fre                                  0x20000220   Data           8  user_interface.o(.data)
    thd                                      0x20000228   Data           8  user_interface.o(.data)
    fft_amp_sum                              0x20000230   Data           8  user_interface.o(.data)
    fft_harm_sum                             0x20000238   Data           8  user_interface.o(.data)
    fft_fre_sum                              0x20000240   Data           8  user_interface.o(.data)
    production                               0x20000248   Data           8  user_interface.o(.data)
    time                                     0x20000250   Data           8  user_interface.o(.data)
    average                                  0x20000258   Data           1  user_interface.o(.data)
    package_length                           0x2000025a   Data           2  communication.o(.data)
    Adc_ResultBuff                           0x20000278   Data          20  adc.o(.bss)
    Adc_Result                               0x2000028c   Data          40  adc.o(.bss)
    sample_dc_vol                            0x200002b8   Data        4800  adc.o(.bss)
    sample_dc_cur                            0x20001578   Data        4800  adc.o(.bss)
    sample_dc1_vol                           0x20002838   Data        4800  adc.o(.bss)
    sample_dc1_cur                           0x20003af8   Data        4800  adc.o(.bss)
    sample_a_vol                             0x20004db8   Data        4800  adc.o(.bss)
    sample_a_cur                             0x20006078   Data        4800  adc.o(.bss)
    sample_b_vol                             0x20007338   Data        4800  adc.o(.bss)
    sample_b_cur                             0x200085f8   Data        4800  adc.o(.bss)
    sample_c_vol                             0x200098b8   Data        4800  adc.o(.bss)
    sample_c_cur                             0x2000ab78   Data        4800  adc.o(.bss)
    fft_complex                              0x2000be38   Data        4800  adc.o(.bss)
    ADC_InitStructure                        0x2000d0f8   Data          20  adc.o(.bss)
    DMA_InitStructure                        0x2000d10c   Data          44  adc.o(.bss)
    TIM_TimeBaseStructure                    0x2000d138   Data          10  adc.o(.bss)
    TIM_OCInitStructure                      0x2000d142   Data          16  adc.o(.bss)
    calendar                                 0x2000d152   Data          10  rtc.o(.bss)
    RS232_RX_BUF                             0x2000d15c   Data         264  rs232.o(.bss)
    protocol                                 0x2000d264   Data         264  pgcp.o(.bss)
    info_data                                0x2000d36c   Data          44  pgcp.o(.bss)
    package                                  0x2000d398   Data         264  communication.o(.bss)
    __libspace_start                         0x2000d4a0   Data          96  libspace.o(.bss)
    __temporary_stack_top$libspace           0x2000d500   Data           0  libspace.o(.bss)



==============================================================================

Memory Map of the image

  Image Entry point : 0x08000131

  Load Region LR_IROM1 (Base: 0x08000000, Size: 0x0000ce84, Max: 0x00080000, ABSOLUTE, COMPRESSED[0x0000cc84])

    Execution Region ER_IROM1 (Base: 0x08000000, Size: 0x0000cc10, Max: 0x00080000, ABSOLUTE)

    Base Addr    Size         Type   Attr      Idx    E Section Name        Object

    0x08000000   0x00000130   Data   RO         1561    RESET               startup_stm32f10x_hd.o
    0x08000130   0x00000008   Code   RO         3495  * !!!main             c_w.l(__main.o)
    0x08000138   0x00000034   Code   RO         3995    !!!scatter          c_w.l(__scatter.o)
    0x0800016c   0x0000005a   Code   RO         3993    !!dczerorl2         c_w.l(__dczerorl2.o)
    0x080001c6   0x00000002   PAD
    0x080001c8   0x0000001c   Code   RO         3997    !!handler_zi        c_w.l(__scatter_zi.o)
    0x080001e4   0x00000002   Code   RO         3789    .ARM.Collect$$libinit$$00000000  c_w.l(libinit.o)
    0x080001e6   0x00000000   Code   RO         3791    .ARM.Collect$$libinit$$00000002  c_w.l(libinit2.o)
    0x080001e6   0x00000000   Code   RO         3793    .ARM.Collect$$libinit$$00000004  c_w.l(libinit2.o)
    0x080001e6   0x00000000   Code   RO         3796    .ARM.Collect$$libinit$$0000000A  c_w.l(libinit2.o)
    0x080001e6   0x00000000   Code   RO         3798    .ARM.Collect$$libinit$$0000000C  c_w.l(libinit2.o)
    0x080001e6   0x00000000   Code   RO         3800    .ARM.Collect$$libinit$$0000000E  c_w.l(libinit2.o)
    0x080001e6   0x00000000   Code   RO         3803    .ARM.Collect$$libinit$$00000011  c_w.l(libinit2.o)
    0x080001e6   0x00000000   Code   RO         3805    .ARM.Collect$$libinit$$00000013  c_w.l(libinit2.o)
    0x080001e6   0x00000000   Code   RO         3807    .ARM.Collect$$libinit$$00000015  c_w.l(libinit2.o)
    0x080001e6   0x00000000   Code   RO         3809    .ARM.Collect$$libinit$$00000017  c_w.l(libinit2.o)
    0x080001e6   0x00000000   Code   RO         3811    .ARM.Collect$$libinit$$00000019  c_w.l(libinit2.o)
    0x080001e6   0x00000000   Code   RO         3813    .ARM.Collect$$libinit$$0000001B  c_w.l(libinit2.o)
    0x080001e6   0x00000000   Code   RO         3815    .ARM.Collect$$libinit$$0000001D  c_w.l(libinit2.o)
    0x080001e6   0x00000000   Code   RO         3817    .ARM.Collect$$libinit$$0000001F  c_w.l(libinit2.o)
    0x080001e6   0x00000000   Code   RO         3819    .ARM.Collect$$libinit$$00000021  c_w.l(libinit2.o)
    0x080001e6   0x00000000   Code   RO         3821    .ARM.Collect$$libinit$$00000023  c_w.l(libinit2.o)
    0x080001e6   0x00000000   Code   RO         3823    .ARM.Collect$$libinit$$00000025  c_w.l(libinit2.o)
    0x080001e6   0x00000000   Code   RO         3827    .ARM.Collect$$libinit$$0000002C  c_w.l(libinit2.o)
    0x080001e6   0x00000000   Code   RO         3829    .ARM.Collect$$libinit$$0000002E  c_w.l(libinit2.o)
    0x080001e6   0x00000000   Code   RO         3831    .ARM.Collect$$libinit$$00000030  c_w.l(libinit2.o)
    0x080001e6   0x00000000   Code   RO         3833    .ARM.Collect$$libinit$$00000032  c_w.l(libinit2.o)
    0x080001e6   0x00000002   Code   RO         3834    .ARM.Collect$$libinit$$00000033  c_w.l(libinit2.o)
    0x080001e8   0x00000002   Code   RO         3972    .ARM.Collect$$libshutdown$$00000000  c_w.l(libshutdown.o)
    0x080001ea   0x00000000   Code   RO         3837    .ARM.Collect$$libshutdown$$00000003  c_w.l(libshutdown2.o)
    0x080001ea   0x00000000   Code   RO         3840    .ARM.Collect$$libshutdown$$00000006  c_w.l(libshutdown2.o)
    0x080001ea   0x00000000   Code   RO         3843    .ARM.Collect$$libshutdown$$00000009  c_w.l(libshutdown2.o)
    0x080001ea   0x00000000   Code   RO         3845    .ARM.Collect$$libshutdown$$0000000B  c_w.l(libshutdown2.o)
    0x080001ea   0x00000000   Code   RO         3848    .ARM.Collect$$libshutdown$$0000000E  c_w.l(libshutdown2.o)
    0x080001ea   0x00000002   Code   RO         3849    .ARM.Collect$$libshutdown$$0000000F  c_w.l(libshutdown2.o)
    0x080001ec   0x00000000   Code   RO         3593    .ARM.Collect$$rtentry$$00000000  c_w.l(__rtentry.o)
    0x080001ec   0x00000000   Code   RO         3658    .ARM.Collect$$rtentry$$00000002  c_w.l(__rtentry2.o)
    0x080001ec   0x00000006   Code   RO         3670    .ARM.Collect$$rtentry$$00000004  c_w.l(__rtentry4.o)
    0x080001f2   0x00000000   Code   RO         3660    .ARM.Collect$$rtentry$$00000009  c_w.l(__rtentry2.o)
    0x080001f2   0x00000004   Code   RO         3661    .ARM.Collect$$rtentry$$0000000A  c_w.l(__rtentry2.o)
    0x080001f6   0x00000000   Code   RO         3663    .ARM.Collect$$rtentry$$0000000C  c_w.l(__rtentry2.o)
    0x080001f6   0x00000008   Code   RO         3664    .ARM.Collect$$rtentry$$0000000D  c_w.l(__rtentry2.o)
    0x080001fe   0x00000002   Code   RO         3857    .ARM.Collect$$rtexit$$00000000  c_w.l(rtexit.o)
    0x08000200   0x00000000   Code   RO         3915    .ARM.Collect$$rtexit$$00000002  c_w.l(rtexit2.o)
    0x08000200   0x00000004   Code   RO         3916    .ARM.Collect$$rtexit$$00000003  c_w.l(rtexit2.o)
    0x08000204   0x00000006   Code   RO         3917    .ARM.Collect$$rtexit$$00000004  c_w.l(rtexit2.o)
    0x0800020a   0x00000002   PAD
    0x0800020c   0x00000040   Code   RO         1562    .text               startup_stm32f10x_hd.o
    0x0800024c   0x0000008a   Code   RO         3487    .text               c_w.l(rt_memcpy_v6.o)
    0x080002d6   0x00000064   Code   RO         3489    .text               c_w.l(rt_memcpy_w.o)
    0x0800033a   0x0000004e   Code   RO         3491    .text               c_w.l(rt_memclr_w.o)
    0x08000388   0x00000006   Code   RO         3493    .text               c_w.l(heapauxi.o)
    0x0800038e   0x00000016   Code   RO         3594    .text               c_w.l(_rserrno.o)
    0x080003a4   0x00000008   Code   RO         3675    .text               c_w.l(rt_errno_addr_intlibspace.o)
    0x080003ac   0x00000008   Code   RO         3700    .text               c_w.l(libspace.o)
    0x080003b4   0x0000004a   Code   RO         3705    .text               c_w.l(sys_stackheap_outer.o)
    0x080003fe   0x0000000c   Code   RO         3778    .text               c_w.l(exit.o)
    0x0800040a   0x00000002   Code   RO         3854    .text               c_w.l(use_no_semi.o)
    0x0800040c   0x00000000   Code   RO         3856    .text               c_w.l(indicate_semi.o)
    0x0800040c   0x0000000c   Code   RO         3912    .text               c_w.l(sys_exit.o)
    0x08000418   0x00000016   Code   RO         1608    i.ADC_Cmd           stm32f10x_adc.o
    0x0800042e   0x00000016   Code   RO         1609    i.ADC_DMACmd        stm32f10x_adc.o
    0x08000444   0x00000016   Code   RO         1613    i.ADC_ExternalTrigConvCmd  stm32f10x_adc.o
    0x0800045a   0x00000014   Code   RO         1616    i.ADC_GetCalibrationStatus  stm32f10x_adc.o
    0x0800046e   0x00000014   Code   RO         1622    i.ADC_GetResetCalibrationStatus  stm32f10x_adc.o
    0x08000482   0x00000002   PAD
    0x08000484   0x00000050   Code   RO         1626    i.ADC_Init          stm32f10x_adc.o
    0x080004d4   0x000000b8   Code   RO         1630    i.ADC_RegularChannelConfig  stm32f10x_adc.o
    0x0800058c   0x0000000a   Code   RO         1631    i.ADC_ResetCalibration  stm32f10x_adc.o
    0x08000596   0x0000000a   Code   RO         1635    i.ADC_StartCalibration  stm32f10x_adc.o
    0x080005a0   0x00000008   Code   RO         1009    i.AT24CXX_Init      eeprom.o
    0x080005a8   0x00000022   Code   RO         1010    i.AT24CXX_Read      eeprom.o
    0x080005ca   0x00000058   Code   RO         1012    i.AT24CXX_ReadOneByte  eeprom.o
    0x08000622   0x00000024   Code   RO         1013    i.AT24CXX_Write     eeprom.o
    0x08000646   0x00000050   Code   RO         1015    i.AT24CXX_WriteOneByte  eeprom.o
    0x08000696   0x00000002   PAD
    0x08000698   0x00000180   Code   RO          827    i.Adc_Init          adc.o
    0x08000818   0x000000c8   Code   RO         1526    i.Analysis          communication.o
    0x080008e0   0x00000014   Code   RO         3112    i.BKP_ClearFlag     stm32f10x_bkp.o
    0x080008f4   0x00000010   Code   RO         3114    i.BKP_DeInit        stm32f10x_bkp.o
    0x08000904   0x0000004a   Code   RO          773    i.BKP_Init          bkp.o
    0x0800094e   0x00000002   PAD
    0x08000950   0x0000001c   Code   RO         3119    i.BKP_ReadBackupRegister  stm32f10x_bkp.o
    0x0800096c   0x0000001c   Code   RO         3123    i.BKP_WriteBackupRegister  stm32f10x_bkp.o
    0x08000988   0x00000004   Code   RO          193    i.BusFault_Handler  stm32f10x_it.o
    0x0800098c   0x00000370   Code   RO          328    i.Button_Cancel     key.o
    0x08000cfc   0x00000910   Code   RO          329    i.Button_Down       key.o
    0x0800160c   0x00000eb0   Code   RO          330    i.Button_Ok         key.o
    0x080024bc   0x000008e0   Code   RO          331    i.Button_Up         key.o
    0x08002d9c   0x000000b0   Code   RO         1273    i.ByteArray2Float   calculate.o
    0x08002e4c   0x00000046   Code   RO         1454    i.Check             pgcp.o
    0x08002e92   0x00000002   PAD
    0x08002e94   0x00000308   Code   RO          828    i.DMA1_Channel1_IRQHandler  adc.o
    0x0800319c   0x0000001c   Code   RO         1824    i.DMA_ClearFlag     stm32f10x_dma.o
    0x080031b8   0x0000001c   Code   RO         1825    i.DMA_ClearITPendingBit  stm32f10x_dma.o
    0x080031d4   0x00000018   Code   RO         1826    i.DMA_Cmd           stm32f10x_dma.o
    0x080031ec   0x0000014c   Code   RO         1827    i.DMA_DeInit        stm32f10x_dma.o
    0x08003338   0x0000002c   Code   RO         1829    i.DMA_GetFlagStatus  stm32f10x_dma.o
    0x08003364   0x00000012   Code   RO         1831    i.DMA_ITConfig      stm32f10x_dma.o
    0x08003376   0x0000003c   Code   RO         1832    i.DMA_Init          stm32f10x_dma.o
    0x080033b2   0x00000002   PAD
    0x080033b4   0x00000064   Code   RO          948    i.DS18B20_Check     ds18b20.o
    0x08003418   0x0000008c   Code   RO          949    i.DS18B20_Get_Temp  ds18b20.o
    0x080034a4   0x00000044   Code   RO          950    i.DS18B20_Init      ds18b20.o
    0x080034e8   0x0000006c   Code   RO          951    i.DS18B20_Read_Bit  ds18b20.o
    0x08003554   0x00000022   Code   RO          952    i.DS18B20_Read_Byte  ds18b20.o
    0x08003576   0x00000002   PAD
    0x08003578   0x00000044   Code   RO          953    i.DS18B20_Rst       ds18b20.o
    0x080035bc   0x00000018   Code   RO          954    i.DS18B20_Start     ds18b20.o
    0x080035d4   0x00000074   Code   RO          955    i.DS18B20_Write_Byte  ds18b20.o
    0x08003648   0x00000002   Code   RO          194    i.DebugMon_Handler  stm32f10x_it.o
    0x0800364a   0x00000002   PAD
    0x0800364c   0x00000044   Code   RO          571    i.DispBlankRemainLast  lcd12864.o
    0x08003690   0x0000000c   Code   RO          573    i.DispCharNext      lcd12864.o
    0x0800369c   0x00000026   Code   RO          574    i.DispDecimal       lcd12864.o
    0x080036c2   0x00000002   PAD
    0x080036c4   0x00000138   Code   RO          575    i.DispDecimalNext   lcd12864.o
    0x080037fc   0x0000009c   Code   RO         1393    i.DispFaultFlag     user_interface.o
    0x08003898   0x00000018   Code   RO          576    i.DispFigure        lcd12864.o
    0x080038b0   0x00000054   Code   RO          577    i.DispFigureNext    lcd12864.o
    0x08003904   0x00000014   Code   RO         1394    i.DispPowerFlag     user_interface.o
    0x08003918   0x000000ae   Code   RO          578    i.DispStr           lcd12864.o
    0x080039c6   0x0000001c   Code   RO          579    i.DispStrNext       lcd12864.o
    0x080039e2   0x00000002   PAD
    0x080039e4   0x00000044   Code   RO          581    i.DispStrSingleLineNext  lcd12864.o
    0x08003a28   0x000000cc   Code   RO         1395    i.Display           user_interface.o
    0x08003af4   0x00000030   Code   RO          733    i.EXTI0_IRQHandler  exti.o
    0x08003b24   0x0000002c   Code   RO          734    i.EXTI1_IRQHandler  exti.o
    0x08003b50   0x0000002c   Code   RO          735    i.EXTI2_IRQHandler  exti.o
    0x08003b7c   0x0000002c   Code   RO          736    i.EXTI3_IRQHandler  exti.o
    0x08003ba8   0x000000de   Code   RO          737    i.EXTIX_Init        exti.o
    0x08003c86   0x00000002   PAD
    0x08003c88   0x0000000c   Code   RO         3059    i.EXTI_ClearITPendingBit  stm32f10x_exti.o
    0x08003c94   0x0000002a   Code   RO          774    i.EXTI_Config       bkp.o
    0x08003cbe   0x00000002   PAD
    0x08003cc0   0x00000094   Code   RO         3064    i.EXTI_Init         stm32f10x_exti.o
    0x08003d54   0x000000e8   Code   RO         1527    i.Execute           communication.o
    0x08003e3c   0x00000010   Code   RO          582    i.FinishInverseContinue  lcd12864.o
    0x08003e4c   0x000000ec   Code   RO         1274    i.Float2ByteArray   calculate.o
    0x08003f38   0x00000034   Code   RO          829    i.GPIO_Configuration  adc.o
    0x08003f6c   0x00000040   Code   RO         1899    i.GPIO_EXTILineConfig  stm32f10x_gpio.o
    0x08003fac   0x00000116   Code   RO         1902    i.GPIO_Init         stm32f10x_gpio.o
    0x080040c2   0x00000012   Code   RO         1906    i.GPIO_ReadInputDataBit  stm32f10x_gpio.o
    0x080040d4   0x00000004   Code   RO         1909    i.GPIO_ResetBits    stm32f10x_gpio.o
    0x080040d8   0x00000004   Code   RO         1910    i.GPIO_SetBits      stm32f10x_gpio.o
    0x080040dc   0x00000004   Code   RO          195    i.HardFault_Handler  stm32f10x_it.o
    0x080040e0   0x00000050   Code   RO         1062    i.IIC_Ack           myiic.o
    0x08004130   0x00000034   Code   RO         1063    i.IIC_Init          myiic.o
    0x08004164   0x00000050   Code   RO         1064    i.IIC_NAck          myiic.o
    0x080041b4   0x00000070   Code   RO         1065    i.IIC_Read_Byte     myiic.o
    0x08004224   0x00000074   Code   RO         1066    i.IIC_Send_Byte     myiic.o
    0x08004298   0x0000004c   Code   RO         1067    i.IIC_Start         myiic.o
    0x080042e4   0x0000004c   Code   RO         1068    i.IIC_Stop          myiic.o
    0x08004330   0x00000064   Code   RO         1069    i.IIC_Wait_Ack      myiic.o
    0x08004394   0x00000010   Code   RO         3340    i.IWDG_Enable       stm32f10x_iwdg.o
    0x080043a4   0x00000008   Code   RO         1201    i.IWDG_Feed         wdg.o
    0x080043ac   0x00000024   Code   RO         1202    i.IWDG_Init         wdg.o
    0x080043d0   0x00000010   Code   RO         3342    i.IWDG_ReloadCounter  stm32f10x_iwdg.o
    0x080043e0   0x0000000c   Code   RO         3343    i.IWDG_SetPrescaler  stm32f10x_iwdg.o
    0x080043ec   0x0000000c   Code   RO         3344    i.IWDG_SetReload    stm32f10x_iwdg.o
    0x080043f8   0x0000000c   Code   RO         3345    i.IWDG_WriteAccessCmd  stm32f10x_iwdg.o
    0x08004404   0x00000002   Code   RO         1396    i.InitPowerFlag     user_interface.o
    0x08004406   0x0000000c   Code   RO         1397    i.Init_Display      user_interface.o
    0x08004412   0x00000002   PAD
    0x08004414   0x00000058   Code   RO          583    i.Init_Inverse      lcd12864.o
    0x0800446c   0x00000034   Code   RO          585    i.Init_Write        lcd12864.o
    0x080044a0   0x0000001c   Code   RO          586    i.Inverse           lcd12864.o
    0x080044bc   0x000000b4   Code   RO          587    i.InverseContinue   lcd12864.o
    0x08004570   0x0000003a   Code   RO          881    i.Is_Leap_Year      rtc.o
    0x080045aa   0x00000002   PAD
    0x080045ac   0x00000024   Code   RO          332    i.KEY_Init          key.o
    0x080045d0   0x00000034   Code   RO          316    i.LED_Init          led.o
    0x08004604   0x00000036   Code   RO          588    i.Lcd12864_Init     lcd12864.o
    0x0800463a   0x00000016   Code   RO          589    i.Lcd_Clr           lcd12864.o
    0x08004650   0x00000004   Code   RO          196    i.MemManage_Handler  stm32f10x_it.o
    0x08004654   0x00000002   Code   RO          197    i.NMI_Handler       stm32f10x_it.o
    0x08004656   0x00000020   Code   RO          775    i.NVIC_Config       bkp.o
    0x08004676   0x0000003a   Code   RO          830    i.NVIC_Configuration  adc.o
    0x080046b0   0x00000070   Code   RO         1566    i.NVIC_Init         misc.o
    0x08004720   0x00000014   Code   RO         1567    i.NVIC_PriorityGroupConfig  misc.o
    0x08004734   0x00000090   Code   RO          776    i.PVD_Barkup        bkp.o
    0x080047c4   0x0000001e   Code   RO          777    i.PVD_IRQHandler    bkp.o
    0x080047e2   0x00000002   PAD
    0x080047e4   0x0000000c   Code   RO         3190    i.PWR_BackupAccessCmd  stm32f10x_pwr.o
    0x080047f0   0x00000014   Code   RO         3191    i.PWR_ClearFlag     stm32f10x_pwr.o
    0x08004804   0x00000018   Code   RO         3195    i.PWR_GetFlagStatus  stm32f10x_pwr.o
    0x0800481c   0x00000050   Code   RO          778    i.PWR_ON_Recover    bkp.o
    0x0800486c   0x0000000c   Code   RO         3196    i.PWR_PVDCmd        stm32f10x_pwr.o
    0x08004878   0x00000018   Code   RO         3197    i.PWR_PVDLevelConfig  stm32f10x_pwr.o
    0x08004890   0x0000007a   Code   RO         1455    i.Package           pgcp.o
    0x0800490a   0x00000002   Code   RO          198    i.PendSV_Handler    stm32f10x_it.o
    0x0800490c   0x00000018   Code   RO         2010    i.RCC_ADCCLKConfig  stm32f10x_rcc.o
    0x08004924   0x00000020   Code   RO         2011    i.RCC_AHBPeriphClockCmd  stm32f10x_rcc.o
    0x08004944   0x00000020   Code   RO         2012    i.RCC_APB1PeriphClockCmd  stm32f10x_rcc.o
    0x08004964   0x00000020   Code   RO         2013    i.RCC_APB1PeriphResetCmd  stm32f10x_rcc.o
    0x08004984   0x00000020   Code   RO         2014    i.RCC_APB2PeriphClockCmd  stm32f10x_rcc.o
    0x080049a4   0x0000000c   Code   RO         2017    i.RCC_BackupResetCmd  stm32f10x_rcc.o
    0x080049b0   0x00000014   Code   RO         2018    i.RCC_ClearFlag     stm32f10x_rcc.o
    0x080049c4   0x0000001e   Code   RO          831    i.RCC_Configuration  adc.o
    0x080049e2   0x00000002   PAD
    0x080049e4   0x000000d4   Code   RO         2022    i.RCC_GetClocksFreq  stm32f10x_rcc.o
    0x08004ab8   0x0000003c   Code   RO         2023    i.RCC_GetFlagStatus  stm32f10x_rcc.o
    0x08004af4   0x00000034   Code   RO         2030    i.RCC_LSEConfig     stm32f10x_rcc.o
    0x08004b28   0x0000000c   Code   RO         2037    i.RCC_RTCCLKCmd     stm32f10x_rcc.o
    0x08004b34   0x00000010   Code   RO         2038    i.RCC_RTCCLKConfig  stm32f10x_rcc.o
    0x08004b44   0x000000b0   Code   RO         1116    i.RS232_Init        rs232.o
    0x08004bf4   0x00000054   Code   RO         1117    i.RS232_Receive_Data  rs232.o
    0x08004c48   0x00000048   Code   RO         1118    i.RS232_Send_Data   rs232.o
    0x08004c90   0x00000010   Code   RO         3251    i.RTC_ClearITPendingBit  stm32f10x_rtc.o
    0x08004ca0   0x00000014   Code   RO         3252    i.RTC_EnterConfigMode  stm32f10x_rtc.o
    0x08004cb4   0x00000014   Code   RO         3253    i.RTC_ExitConfigMode  stm32f10x_rtc.o
    0x08004cc8   0x00000100   Code   RO          883    i.RTC_Get           rtc.o
    0x08004dc8   0x00000014   Code   RO         3254    i.RTC_GetCounter    stm32f10x_rtc.o
    0x08004ddc   0x00000024   Code   RO         3257    i.RTC_GetITStatus   stm32f10x_rtc.o
    0x08004e00   0x00000078   Code   RO          884    i.RTC_Get_Week      rtc.o
    0x08004e78   0x00000030   Code   RO          885    i.RTC_IRQHandler    rtc.o
    0x08004ea8   0x00000020   Code   RO         3258    i.RTC_ITConfig      stm32f10x_rtc.o
    0x08004ec8   0x000000c0   Code   RO          886    i.RTC_Init          rtc.o
    0x08004f88   0x00000020   Code   RO          887    i.RTC_NVIC_Config   rtc.o
    0x08004fa8   0x000000c8   Code   RO          888    i.RTC_Set           rtc.o
    0x08005070   0x0000001c   Code   RO         3260    i.RTC_SetCounter    stm32f10x_rtc.o
    0x0800508c   0x00000020   Code   RO         3261    i.RTC_SetPrescaler  stm32f10x_rtc.o
    0x080050ac   0x00000014   Code   RO         3262    i.RTC_WaitForLastTask  stm32f10x_rtc.o
    0x080050c0   0x00000024   Code   RO         3263    i.RTC_WaitForSynchro  stm32f10x_rtc.o
    0x080050e4   0x00000012   Code   RO          779    i.Read_BKP          bkp.o
    0x080050f6   0x00000002   PAD
    0x080050f8   0x00000224   Code   RO         1398    i.Recover_Ratio     user_interface.o
    0x0800531c   0x00000002   Code   RO          199    i.SVC_Handler       stm32f10x_it.o
    0x0800531e   0x00000002   PAD
    0x08005320   0x00000050   Code   RO          590    i.SetPosition       lcd12864.o
    0x08005370   0x00000008   Code   RO          282    i.SetSysClock       system_stm32f10x.o
    0x08005378   0x000000e0   Code   RO          283    i.SetSysClockTo72   system_stm32f10x.o
    0x08005458   0x0000000c   Code   RO         1456    i.Set_Addr          pgcp.o
    0x08005464   0x0000003c   Code   RO         1457    i.Set_Check         pgcp.o
    0x080054a0   0x0000002c   Code   RO         1459    i.Set_Data          pgcp.o
    0x080054cc   0x0000000c   Code   RO         1462    i.Set_Len           pgcp.o
    0x080054d8   0x00000028   Code   RO         1570    i.SysTick_CLKSourceConfig  misc.o
    0x08005500   0x00000002   Code   RO          200    i.SysTick_Handler   stm32f10x_it.o
    0x08005502   0x00000002   PAD
    0x08005504   0x00000060   Code   RO          285    i.SystemInit        system_stm32f10x.o
    0x08005564   0x00000138   Code   RO         1153    i.TIM2_IRQHandler   timer.o
    0x0800569c   0x0000005c   Code   RO         1154    i.TIM2_Int_Init     timer.o
    0x080056f8   0x00000028   Code   RO         1155    i.TIM3_IRQHandler   timer.o
    0x08005720   0x00000060   Code   RO         1156    i.TIM3_Int_Init     timer.o
    0x08005780   0x000004a0   Code   RO         1157    i.TIM4_IRQHandler   timer.o
    0x08005c20   0x0000005c   Code   RO         1158    i.TIM4_Int_Init     timer.o
    0x08005c7c   0x00000006   Code   RO         2521    i.TIM_ClearITPendingBit  stm32f10x_tim.o
    0x08005c82   0x00000018   Code   RO         2526    i.TIM_Cmd           stm32f10x_tim.o
    0x08005c9a   0x00000002   PAD
    0x08005c9c   0x00000060   Code   RO          832    i.TIM_Configuration  adc.o
    0x08005cfc   0x0000001e   Code   RO         2528    i.TIM_CtrlPWMOutputs  stm32f10x_tim.o
    0x08005d1a   0x00000006   Code   RO         2545    i.TIM_GetCounter    stm32f10x_tim.o
    0x08005d20   0x00000022   Code   RO         2547    i.TIM_GetITStatus   stm32f10x_tim.o
    0x08005d42   0x00000012   Code   RO         2551    i.TIM_ITConfig      stm32f10x_tim.o
    0x08005d54   0x00000098   Code   RO         2555    i.TIM_OC1Init       stm32f10x_tim.o
    0x08005dec   0x000000a4   Code   RO         2597    i.TIM_TimeBaseInit  stm32f10x_tim.o
    0x08005e90   0x00000012   Code   RO         2598    i.TIM_TimeBaseStructInit  stm32f10x_tim.o
    0x08005ea2   0x00000002   PAD
    0x08005ea4   0x000001ec   Code   RO          889    i.Time_Show         rtc.o
    0x08006090   0x00000040   Code   RO         1220    i.USART1_IRQHandler  dsp.o
    0x080060d0   0x000000a0   Code   RO         1221    i.USART1_Init       dsp.o
    0x08006170   0x00000054   Code   RO         1222    i.USART1_Receive_Data  dsp.o
    0x080061c4   0x00000038   Code   RO         1223    i.USART1_Send_Data  dsp.o
    0x080061fc   0x00000040   Code   RO         1119    i.USART2_IRQHandler  rs232.o
    0x0800623c   0x00000018   Code   RO         2214    i.USART_Cmd         stm32f10x_usart.o
    0x08006254   0x0000001a   Code   RO         2217    i.USART_GetFlagStatus  stm32f10x_usart.o
    0x0800626e   0x00000054   Code   RO         2218    i.USART_GetITStatus  stm32f10x_usart.o
    0x080062c2   0x0000004a   Code   RO         2220    i.USART_ITConfig    stm32f10x_usart.o
    0x0800630c   0x000000d8   Code   RO         2221    i.USART_Init        stm32f10x_usart.o
    0x080063e4   0x0000000a   Code   RO         2228    i.USART_ReceiveData  stm32f10x_usart.o
    0x080063ee   0x00000008   Code   RO         2231    i.USART_SendData    stm32f10x_usart.o
    0x080063f6   0x00000054   Code   RO         1463    i.Unpack            pgcp.o
    0x0800644a   0x00000004   Code   RO          201    i.UsageFault_Handler  stm32f10x_it.o
    0x0800644e   0x00000002   PAD
    0x08006450   0x000000d8   Code   RO         1333    i.Wn_i              fft.o
    0x08006528   0x00000016   Code   RO          780    i.Write_BKP         bkp.o
    0x0800653e   0x00000002   PAD
    0x08006540   0x0000006c   Code   RO          591    i.Write_Byte        lcd12864.o
    0x080065ac   0x0000001e   Code   RO          592    i.Write_COM         lcd12864.o
    0x080065ca   0x00000002   PAD
    0x080065cc   0x00000054   Code   RO          593    i.Write_DAT         lcd12864.o
    0x08006620   0x00000028   Code   RO         3641    i.__ARM_fpclassify  m_ws.l(fpclassify.o)
    0x08006648   0x00000388   Code   RO         3646    i.__ieee754_rem_pio2  m_ws.l(rred.o)
    0x080069d0   0x000000fc   Code   RO         3624    i.__kernel_cos      m_ws.l(cos_i.o)
    0x08006acc   0x000000aa   Code   RO         3643    i.__kernel_poly     m_ws.l(poly.o)
    0x08006b76   0x00000002   PAD
    0x08006b78   0x000000ec   Code   RO         3651    i.__kernel_sin      m_ws.l(sin_i.o)
    0x08006c64   0x00000010   Code   RO         3627    i.__mathlib_dbl_divzero  m_ws.l(dunder.o)
    0x08006c74   0x00000006   Code   RO         3628    i.__mathlib_dbl_infnan  m_ws.l(dunder.o)
    0x08006c7a   0x00000004   Code   RO         3629    i.__mathlib_dbl_infnan2  m_ws.l(dunder.o)
    0x08006c7e   0x0000000c   Code   RO         3630    i.__mathlib_dbl_invalid  m_ws.l(dunder.o)
    0x08006c8a   0x0000000e   Code   RO         3631    i.__mathlib_dbl_overflow  m_ws.l(dunder.o)
    0x08006c98   0x00000010   Code   RO         3633    i.__mathlib_dbl_underflow  m_ws.l(dunder.o)
    0x08006ca8   0x00000044   Code   RO         1275    i.active_power      calculate.o
    0x08006cec   0x0000003e   Code   RO         1336    i.c_mul             fft.o
    0x08006d2a   0x0000001a   Code   RO         1337    i.c_plus            fft.o
    0x08006d44   0x0000001a   Code   RO         1338    i.c_sub             fft.o
    0x08006d5e   0x00000002   PAD
    0x08006d60   0x0000127c   Code   RO         1399    i.calculate         user_interface.o
    0x08007fdc   0x00000080   Code   RO         1276    i.calculate_dot_product  calculate.o
    0x0800805c   0x000000a4   Code   RO         1277    i.calculate_rms     calculate.o
    0x08008100   0x0000009c   Code   RO         3560    i.cos               m_ws.l(cos.o)
    0x0800819c   0x0000000a   Code   RO          594    i.delay             lcd12864.o
    0x080081a6   0x00000002   PAD
    0x080081a8   0x00000044   Code   RO         3382    i.delay_init        delay.o
    0x080081ec   0x0000004c   Code   RO         3383    i.delay_ms          delay.o
    0x08008238   0x0000004c   Code   RO         3384    i.delay_us          delay.o
    0x08008284   0x00000028   Code   RO         1224    i.dspOnOff          dsp.o
    0x080082ac   0x0000000c   Code   RO         1225    i.dspOperation      dsp.o
    0x080082b8   0x00000176   Code   RO         1340    i.fft               fft.o
    0x0800842e   0x00000002   PAD
    0x08008430   0x000000f0   Code   RO         1278    i.frequency         calculate.o
    0x08008520   0x00000238   Code   RO            1    i.main              main.o
    0x08008758   0x000009b8   Code   RO         3568    i.pow               m_ws.l(pow.o)
    0x08009110   0x00000054   Code   RO         1279    i.power_factor      calculate.o
    0x08009164   0x0000001c   Code   RO         1280    i.rms_current       calculate.o
    0x08009180   0x0000001c   Code   RO         1281    i.rms_voltage       calculate.o
    0x0800919c   0x00002338   Code   RO         1400    i.show              user_interface.o
    0x0800b4d4   0x000000a0   Code   RO         3578    i.sin               m_ws.l(sin.o)
    0x0800b574   0x0000004c   Code   RO         3586    i.sqrt              m_ws.l(sqrt.o)
    0x0800b5c0   0x00000062   Code   RO         3497    x$fpl$d2f           fz_ws.l(d2f.o)
    0x0800b622   0x00000002   PAD
    0x0800b624   0x00000150   Code   RO         3499    x$fpl$dadd          fz_ws.l(daddsub_clz.o)
    0x0800b774   0x00000010   Code   RO         3693    x$fpl$dcheck1       fz_ws.l(dcheck1.o)
    0x0800b784   0x00000018   Code   RO         3607    x$fpl$dcmpinf       fz_ws.l(dcmpi.o)
    0x0800b79c   0x000002b0   Code   RO         3506    x$fpl$ddiv          fz_ws.l(ddiv.o)
    0x0800ba4c   0x0000005e   Code   RO         3509    x$fpl$dfix          fz_ws.l(dfix.o)
    0x0800baaa   0x00000002   PAD
    0x0800baac   0x0000005a   Code   RO         3513    x$fpl$dfixu         fz_ws.l(dfixu.o)
    0x0800bb06   0x0000002e   Code   RO         3518    x$fpl$dflt          fz_ws.l(dflt_clz.o)
    0x0800bb34   0x00000026   Code   RO         3517    x$fpl$dfltu         fz_ws.l(dflt_clz.o)
    0x0800bb5a   0x00000002   PAD
    0x0800bb5c   0x00000078   Code   RO         3523    x$fpl$dleqf         fz_ws.l(dleqf.o)
    0x0800bbd4   0x00000154   Code   RO         3525    x$fpl$dmul          fz_ws.l(dmul.o)
    0x0800bd28   0x0000009c   Code   RO         3609    x$fpl$dnaninf       fz_ws.l(dnaninf.o)
    0x0800bdc4   0x0000000c   Code   RO         3611    x$fpl$dretinf       fz_ws.l(dretinf.o)
    0x0800bdd0   0x0000006c   Code   RO         3527    x$fpl$drleqf        fz_ws.l(drleqf.o)
    0x0800be3c   0x00000016   Code   RO         3500    x$fpl$drsb          fz_ws.l(daddsub_clz.o)
    0x0800be52   0x00000002   PAD
    0x0800be54   0x000001cc   Code   RO         3613    x$fpl$dsqrt         fz_ws.l(dsqrt_noumaal.o)
    0x0800c020   0x000001d4   Code   RO         3501    x$fpl$dsub          fz_ws.l(daddsub_clz.o)
    0x0800c1f4   0x00000056   Code   RO         3529    x$fpl$f2d           fz_ws.l(f2d.o)
    0x0800c24a   0x00000002   PAD
    0x0800c24c   0x000000c4   Code   RO         3531    x$fpl$fadd          fz_ws.l(faddsub_clz.o)
    0x0800c310   0x00000018   Code   RO         3615    x$fpl$fcmpinf       fz_ws.l(fcmpi.o)
    0x0800c328   0x00000184   Code   RO         3538    x$fpl$fdiv          fz_ws.l(fdiv.o)
    0x0800c4ac   0x00000068   Code   RO         3541    x$fpl$feqf          fz_ws.l(feqf.o)
    0x0800c514   0x0000003e   Code   RO         3543    x$fpl$ffixu         fz_ws.l(ffixu.o)
    0x0800c552   0x00000002   PAD
    0x0800c554   0x00000030   Code   RO         3548    x$fpl$fflt          fz_ws.l(fflt_clz.o)
    0x0800c584   0x00000026   Code   RO         3547    x$fpl$ffltu         fz_ws.l(fflt_clz.o)
    0x0800c5aa   0x00000002   PAD
    0x0800c5ac   0x00000068   Code   RO         3553    x$fpl$fleqf         fz_ws.l(fleqf.o)
    0x0800c614   0x00000102   Code   RO         3555    x$fpl$fmul          fz_ws.l(fmul.o)
    0x0800c716   0x0000008c   Code   RO         3617    x$fpl$fnaninf       fz_ws.l(fnaninf.o)
    0x0800c7a2   0x0000000a   Code   RO         3619    x$fpl$fretinf       fz_ws.l(fretinf.o)
    0x0800c7ac   0x00000062   Code   RO         3557    x$fpl$frleqf        fz_ws.l(frleqf.o)
    0x0800c80e   0x00000014   Code   RO         3532    x$fpl$frsb          fz_ws.l(faddsub_clz.o)
    0x0800c822   0x00000002   PAD
    0x0800c824   0x000000ea   Code   RO         3533    x$fpl$fsub          fz_ws.l(faddsub_clz.o)
    0x0800c90e   0x00000064   Code   RO         3852    x$fpl$retnan        fz_ws.l(retnan.o)
    0x0800c972   0x0000005c   Code   RO         3621    x$fpl$scalbn        fz_ws.l(scalbn.o)
    0x0800c9ce   0x00000030   Code   RO         3910    x$fpl$trapveneer    fz_ws.l(trapv.o)
    0x0800c9fe   0x00000000   Code   RO         3623    x$fpl$usenofp       fz_ws.l(usenofp.o)
    0x0800c9fe   0x00000018   Data   RO          891    .constdata          rtc.o
    0x0800ca16   0x00000002   PAD
    0x0800ca18   0x00000028   Data   RO         1401    .constdata          user_interface.o
    0x0800ca40   0x00000088   Data   RO         3569    .constdata          m_ws.l(pow.o)
    0x0800cac8   0x00000030   Data   RO         3625    .constdata          m_ws.l(cos_i.o)
    0x0800caf8   0x00000008   Data   RO         3645    .constdata          m_ws.l(qnan.o)
    0x0800cb00   0x000000c8   Data   RO         3648    .constdata          m_ws.l(rred.o)
    0x0800cbc8   0x00000028   Data   RO         3652    .constdata          m_ws.l(sin_i.o)
    0x0800cbf0   0x00000020   Data   RO         3991    Region$$Table       anon$$obj.o


    Execution Region RW_IRAM1 (Base: 0x20000000, Size: 0x0000db00, Max: 0x00010000, ABSOLUTE, COMPRESSED[0x00000074])

    Base Addr    Size         Type   Attr      Idx    E Section Name        Object

    0x20000000   0x00000014   Data   RW          286    .data               system_stm32f10x.o
    0x20000014   0x0000001d   Data   RW          333    .data               key.o
    0x20000031   0x00000004   Data   RW          595    .data               lcd12864.o
    0x20000035   0x00000001   PAD
    0x20000036   0x00000003   Data   RW          834    .data               adc.o
    0x20000039   0x00000001   PAD
    0x2000003a   0x00000002   Data   RW          892    .data               rtc.o
    0x2000003c   0x00000004   PAD
    0x20000040   0x00000008   Data   RW          956    .data               ds18b20.o
    0x20000048   0x00000002   Data   RW         1121    .data               rs232.o
    0x2000004a   0x00000011   Data   RW         1159    .data               timer.o
    0x2000005b   0x00000009   Data   RW         1226    .data               dsp.o
    0x20000064   0x00000004   PAD
    0x20000068   0x000001f1   Data   RW         1402    .data               user_interface.o
    0x20000259   0x00000001   PAD
    0x2000025a   0x00000002   Data   RW         1529    .data               communication.o
    0x2000025c   0x00000014   Data   RW         2042    .data               stm32f10x_rcc.o
    0x20000270   0x00000004   Data   RW         3385    .data               delay.o
    0x20000274   0x00000004   PAD
    0x20000278   0x0000ceda   Zero   RW          833    .bss                adc.o
    0x2000d152   0x0000000a   Zero   RW          890    .bss                rtc.o
    0x2000d15c   0x00000108   Zero   RW         1120    .bss                rs232.o
    0x2000d264   0x00000134   Zero   RW         1464    .bss                pgcp.o
    0x2000d398   0x00000108   Zero   RW         1528    .bss                communication.o
    0x2000d4a0   0x00000060   Zero   RW         3701    .bss                c_w.l(libspace.o)
    0x2000d500   0x00000200   Zero   RW         1560    HEAP                startup_stm32f10x_hd.o
    0x2000d700   0x00000400   Zero   RW         1559    STACK               startup_stm32f10x_hd.o


==============================================================================

Image component sizes


      Code (inc. data)   RO Data    RW Data    ZI Data      Debug   Object Name

      1396        160          0          3      52954       4678   adc.o
       442         26          0          0          0       3745   bkp.o
      1152         32          0          0          0       6614   calculate.o
       432         28          0          2        264       1994   communication.o
         0          0          0          0          0         32   core_cm3.o
       220         26          0          4          0       1583   delay.o
       658         58          0          8          0       4646   ds18b20.o
       416         54          0          9          0       3966   dsp.o
       246          0          0          0          0       3059   eeprom.o
       402         34          0          0          0       2437   exti.o
       704         10          0          0          0       3298   fft.o
      9268       1458          0         29          0       7829   key.o
      1560         70          0          4          0      12676   lcd12864.o
        52          6          0          0          0        459   led.o
       568         90          0          0          0     274675   main.o
       172         22          0          0          0       1937   misc.o
       692        100          0          0          0       4030   myiic.o
       404         20          0          0        308       5020   pgcp.o
       396         42          0          2        264       3084   rs232.o
      1398        164         24          2         10       6002   rtc.o
        64         26        304          0       1536        768   startup_stm32f10x_hd.o
       390         10          0          0          0       7048   stm32f10x_adc.o
        92         16          0          0          0       2996   stm32f10x_bkp.o
       534         36          0          0          0       5417   stm32f10x_dma.o
       160         12          0          0          0       1413   stm32f10x_exti.o
       368          4          0          0          0       4082   stm32f10x_gpio.o
        26          0          0          0          0       3454   stm32f10x_it.o
        68         30          0          0          0       2334   stm32f10x_iwdg.o
        92         28          0          0          0       2468   stm32f10x_pwr.o
       536         82          0         20          0       8870   stm32f10x_rcc.o
       260         48          0          0          0       4824   stm32f10x_rtc.o
       452         62          0          0          0       5595   stm32f10x_tim.o
       442          6          0          0          0       5881   stm32f10x_usart.o
       328         28          0         20          0       1937   system_stm32f10x.o
      1816        130          0         17          0       4913   timer.o
     14690       2166         40        497          0      14971   user_interface.o
        44          0          0          0          0        920   wdg.o

    ----------------------------------------------------------------------
     40992       5084        402        628      55340     429655   Object Totals
         0          0         32          0          0          0   (incl. Generated)
        52          0          2         11          4          0   (incl. Padding)

    ----------------------------------------------------------------------

      Code (inc. data)   RO Data    RW Data    ZI Data      Debug   Library Member Name

        90          0          0          0          0          0   __dczerorl2.o
         8          0          0          0          0         68   __main.o
         0          0          0          0          0          0   __rtentry.o
        12          0          0          0          0          0   __rtentry2.o
         6          0          0          0          0          0   __rtentry4.o
        52          8          0          0          0          0   __scatter.o
        28          0          0          0          0          0   __scatter_zi.o
        22          0          0          0          0        100   _rserrno.o
        12          0          0          0          0         72   exit.o
         6          0          0          0          0        152   heapauxi.o
         0          0          0          0          0          0   indicate_semi.o
         2          0          0          0          0          0   libinit.o
         2          0          0          0          0          0   libinit2.o
         2          0          0          0          0          0   libshutdown.o
         2          0          0          0          0          0   libshutdown2.o
         8          4          0          0         96         68   libspace.o
         8          4          0          0          0         68   rt_errno_addr_intlibspace.o
        78          0          0          0          0         80   rt_memclr_w.o
       138          0          0          0          0         68   rt_memcpy_v6.o
       100          0          0          0          0         80   rt_memcpy_w.o
         2          0          0          0          0          0   rtexit.o
        10          0          0          0          0          0   rtexit2.o
        12          4          0          0          0         68   sys_exit.o
        74          0          0          0          0         80   sys_stackheap_outer.o
         2          0          0          0          0         68   use_no_semi.o
        98          4          0          0          0         92   d2f.o
       826         16          0          0          0        348   daddsub_clz.o
        16          4          0          0          0         68   dcheck1.o
        24          0          0          0          0         68   dcmpi.o
       688        140          0          0          0        208   ddiv.o
        94          4          0          0          0         92   dfix.o
        90          4          0          0          0         92   dfixu.o
        84          0          0          0          0        136   dflt_clz.o
       120          4          0          0          0         92   dleqf.o
       340         12          0          0          0        104   dmul.o
       156          4          0          0          0         92   dnaninf.o
        12          0          0          0          0         68   dretinf.o
       108          0          0          0          0         80   drleqf.o
       460         56          0          0          0        120   dsqrt_noumaal.o
        86          4          0          0          0         84   f2d.o
       450          8          0          0          0        236   faddsub_clz.o
        24          0          0          0          0         68   fcmpi.o
       388         76          0          0          0         96   fdiv.o
       104          4          0          0          0         84   feqf.o
        62          4          0          0          0         84   ffixu.o
        86          0          0          0          0        136   fflt_clz.o
       104          4          0          0          0         84   fleqf.o
       258          4          0          0          0         84   fmul.o
       140          4          0          0          0         84   fnaninf.o
        10          0          0          0          0         68   fretinf.o
        98          0          0          0          0         68   frleqf.o
       100          0          0          0          0         68   retnan.o
        92          0          0          0          0         68   scalbn.o
        48          0          0          0          0         68   trapv.o
         0          0          0          0          0          0   usenofp.o
       156          8          0          0          0        104   cos.o
       252         22         48          0          0        124   cos_i.o
        68         10          0          0          0        408   dunder.o
        40          0          0          0          0         68   fpclassify.o
       170          0          0          0          0         96   poly.o
      2488        190        136          0          0        300   pow.o
         0          0          8          0          0          0   qnan.o
       904         76        200          0          0        140   rred.o
       160         10          0          0          0        108   sin.o
       236         12         40          0          0        128   sin_i.o
        76          0          0          0          0         84   sqrt.o

    ----------------------------------------------------------------------
     10414        704        432          0         96       5572   Library Totals
        22          0          0          0          0          0   (incl. Padding)

    ----------------------------------------------------------------------

      Code (inc. data)   RO Data    RW Data    ZI Data      Debug   Library Name

       676         20          0          0         96        972   c_w.l
      5166        356          0          0          0       3040   fz_ws.l
      4550        328        432          0          0       1560   m_ws.l

    ----------------------------------------------------------------------
     10414        704        432          0         96       5572   Library Totals

    ----------------------------------------------------------------------

==============================================================================


      Code (inc. data)   RO Data    RW Data    ZI Data      Debug   

     51406       5788        834        628      55436     421183   Grand Totals
     51406       5788        834        116      55436     421183   ELF Image Totals (compressed)
     51406       5788        834        116          0          0   ROM Totals

==============================================================================

    Total RO  Size (Code + RO Data)                52240 (  51.02kB)
    Total RW  Size (RW Data + ZI Data)             56064 (  54.75kB)
    Total ROM Size (Code + RO Data + RW Data)      52356 (  51.13kB)

==============================================================================

